Connecting SSH to 10.95.214.6 - Please wait for few seconds... 
Successfully Connected to the Host 10.95.214.6 !!!
#!/bin/bash

cd /var/opt/fds/CDR/archive/

grep -l 971520001714 *20190526* |tac |head -1 > /home/tasuser/sdpfile.txt

exit

[tasuser@meytvvmsdp01 ~]$ #!/bin/bash
[tasuser@meytvvmsdp01 ~]$ 
[tasuser@meytvvmsdp01 ~]$ cd /var/opt/fds/CDR/archive/
[tasuser@meytvvmsdp01 archive]$ 
[tasuser@meytvvmsdp01 archive]$ grep -l 971520001714 *20190526* |tac |head -1 >  /home/tasuser/sdpfile.txt
[tasuser@meytvvmsdp01 archive]$ 
[tasuser@meytvvmsdp01 archive]$ exit
logout

Disconnected channel and session
Connecting SSH to 10.95.214.72 - Please wait for few seconds... 
Successfully Connected to the Host 10.95.214.72 !!!
Last login: Sun May 26 15:38:14 2019 from 10.160.130.18
#!/bin/bash

cd /data/fdp/logs/defaultCircle

sudo more meydvvmcis03_EDR_CISOnline1.csv > /home/VenuReddyGaddam/EDRfile.csv

exit

[VenuReddyGaddam@meydvvmcis03 ~]$ #!/bin/bash
[VenuReddyGaddam@meydvvmcis03 ~]$ 
[VenuReddyGaddam@meydvvmcis03 ~]$ cd /data/fdp/logs/defaultCircle
[VenuReddyGaddam@meydvvmcis03 defaultCircle]$ 
[VenuReddyGaddam@meydvvmcis03 defaultCircle]$ sudo more meydvvmcis03_EDR_CISOnli ne1.csv > /home/VenuReddyGaddam/EDRfile.csv
[VenuReddyGaddam@meydvvmcis03 defaultCircle]$ 
[VenuReddyGaddam@meydvvmcis03 defaultCircle]$ exit
logout

Disconnected channel and session
Connecting SSH to 10.95.214.22 - Please wait for few seconds... 
Successfully Connected to the Host 10.95.214.22 !!!
#!/bin/bash

cd /home/tasuser

zgrep -l 971520001714 *20190526* |xargs ls|tac|head -1 > /home/tasuser/Auto/occfile_22.txt

exit

[tasuser@meytvvmocc01 ~]$ #!/bin/bash
[tasuser@meytvvmocc01 ~]$ 
[tasuser@meytvvmocc01 ~]$ cd /home/tasuser
[tasuser@meytvvmocc01 ~]$ 
[tasuser@meytvvmocc01 ~]$ zgrep -l 971520001714 *20190526* |xargs ls|tac|head -1  > /home/tasuser/Auto/occfile_22.txt
gzip: *20190526*.gz: No such file or directory
[tasuser@meytvvmocc01 ~]$ 
[tasuser@meytvvmocc01 ~]$ exit
logout

Disconnected channel and session
Connecting SSH to 10.95.214.21 - Please wait for few seconds... 
Successfully Connected to the Host 10.95.214.21 !!!
#!/bin/bash

cd /home/tasuser

zgrep -l 971520001714 *20190526* |xargs ls|tac|head -1 > /home/tasuser/Auto/occfile_21.txt

exit

[tasuser@meydvvmocc02 ~]$ #!/bin/bash
[tasuser@meydvvmocc02 ~]$ 
[tasuser@meydvvmocc02 ~]$ cd /home/tasuser
[tasuser@meydvvmocc02 ~]$ 
[tasuser@meydvvmocc02 ~]$ zgrep -l 971520001714 *20190526* |xargs ls|tac|head -1  > /home/tasuser/Auto/occfile_21.txt
gzip: *20190526*.gz: No such file or directory
[tasuser@meydvvmocc02 ~]$ 
[tasuser@meydvvmocc02 ~]$ exit
logout

Disconnected channel and session
Connecting SSH to 10.95.214.166 - Please wait for few seconds... 
Successfully Connected to the Host 10.95.214.166 !!!
#!/bin/bash

cd /var/opt/air/datarecords/backup_CDR/

grep -l 971520001714 *20190526* |tac |head -1 > /home/tasuser/Auto/Airfile.txt

exit

[tasuser@meytvvmair01 ~]$ #!/bin/bash
[tasuser@meytvvmair01 ~]$ 
[tasuser@meytvvmair01 ~]$ cd /var/opt/air/datarecords/backup_CDR/
[tasuser@meytvvmair01 backup_CDR]$ 
[tasuser@meytvvmair01 backup_CDR]$ grep -l 971520001714 *20190526* |tac |head -1  > /home/tasuser/Auto/Airfile.txt
[tasuser@meytvvmair01 backup_CDR]$ 
[tasuser@meytvvmair01 backup_CDR]$ exit
logout

Disconnected channel and session
Connecting SSH to 10.95.214.6 - Please wait for few seconds... 
Successfully Connected to the Host 10.95.214.6 !!!
#!/bin/bash

cd /var/opt/fds/CDR/archive/

grep -l 971520001714 *20190526* |tac |head -1 > /home/tasuser/sdpfile.txt

exit

[tasuser@meytvvmsdp01 ~]$ #!/bin/bash
[tasuser@meytvvmsdp01 ~]$ 
[tasuser@meytvvmsdp01 ~]$ cd /var/opt/fds/CDR/archive/
[tasuser@meytvvmsdp01 archive]$ 
[tasuser@meytvvmsdp01 archive]$ grep -l 971520001714 *20190526* |tac |head -1 >  /home/tasuser/sdpfile.txt
[tasuser@meytvvmsdp01 archive]$ 
[tasuser@meytvvmsdp01 archive]$ exit
logout

Disconnected channel and session
Connecting SSH to 10.95.214.72 - Please wait for few seconds... 
Successfully Connected to the Host 10.95.214.72 !!!
Last login: Sun May 26 18:18:17 2019 from 10.160.130.18
#!/bin/bash

cd /data/fdp/logs/defaultCircle

sudo more meydvvmcis03_EDR_CISOnline1.csv > /home/VenuReddyGaddam/EDRfile.csv

exit

[VenuReddyGaddam@meydvvmcis03 ~]$ #!/bin/bash
[VenuReddyGaddam@meydvvmcis03 ~]$ 
[VenuReddyGaddam@meydvvmcis03 ~]$ cd /data/fdp/logs/defaultCircle
[VenuReddyGaddam@meydvvmcis03 defaultCircle]$ 
[VenuReddyGaddam@meydvvmcis03 defaultCircle]$ sudo more meydvvmcis03_EDR_CISOnli ne1.csv > /home/VenuReddyGaddam/EDRfile.csv
[VenuReddyGaddam@meydvvmcis03 defaultCircle]$ 
[VenuReddyGaddam@meydvvmcis03 defaultCircle]$ exit
logout

Disconnected channel and session
Connecting SSH to 10.95.214.22 - Please wait for few seconds... 
Successfully Connected to the Host 10.95.214.22 !!!
Last login: Sun May 26 18:17:59 2019 from 10.160.130.18
################################################################################
# Warning! You have entered into a secured area!                               #
# Your IP, Login Time, Username has been noted for auditing purposes.          #
# This service is restricted to authorized users only.                         #
# All activities on this system are logged. Unauthorized access will be fully  #
# investigated and action would be taken appropriately.                        #
#                                                                              #
# LOG OFF IMMEDIATELY IF YOU ARE NOT AN AUTHORIZED USER                        #
################################################################################
#!/bin/bash

cd /home/tasuser

zgrep -l 971520001714 *20190526* |xargs ls|tac|head -1 > /home/tasuser/Auto/occfile_22.txt

exit

[tasuser@meytvvmocc01 ~]$ #!/bin/bash
[tasuser@meytvvmocc01 ~]$ 
[tasuser@meytvvmocc01 ~]
$ cd /home/tasuser
[tasuser@meytvvmocc01 ~]$ 
[tasuser@meytvvmocc01 ~]$ zgrep -l 971520001714 *20190526* |xargs ls|tac|head -1  > /home/tasuser/Auto/occfile_22.txt
gzip: *20190526*.gz: No such file or directory
[tasuser@meytvvmocc01 ~]$ 
[tasuser@meytvvmocc01 ~]$ exit
logout

Disconnected channel and session
Connecting SSH to 10.95.214.21 - Please wait for few seconds... 
Successfully Connected to the Host 10.95.214.21 !!!
Last login: Sun May 26 18:18:21 2019 from 10.160.130.18
################################################################################
# Warning! You have entered into a secured area!                               #
# Your IP, Login Time, Username has been noted for auditing purposes.          #
# This service is restricted to authorized users only.                         #
# All activities on this system are logged. Unauthorized access will be fully  #
# investigated and action would be taken appropriately.                        #
#                                                                              #
# LOG OFF IMMEDIATELY IF YOU ARE NOT AN AUTHORIZED USER                        #
################################################################################
#!/bin/bash

cd /home/tasuser

zgrep -l 971520001714 *20190526* |xargs ls|tac|head -1 > /home/tasuser/Auto/occfile_21.txt

exit

[tasuser@meydvvmocc02 ~]$ #!/bin/bash
[tasuser@meydvvmocc02 ~]$ 
[tasuser@meydvvmocc02 ~]
$ cd /home/tasuser
[tasuser@meydvvmocc02 ~]$ 
[tasuser@meydvvmocc02 ~]$ zgrep -l 971520001714 *20190526* |xargs ls|tac|head -1  > /home/tasuser/Auto/occfile_21.txt
gzip: *20190526*.gz: No such file or directory
[tasuser@meydvvmocc02 ~]$ 
[tasuser@meydvvmocc02 ~]$ exit
logout

Disconnected channel and session
Connecting SSH to 10.95.214.72 - Please wait for few seconds... 
Successfully Connected to the Host 10.95.214.72 !!!
#!/bin/bash

cd /data/fdp/logs/defaultCircle

sudo more meydvvmcis03_EDR_CISOnline1.csv > /home/VenuReddyGaddam/EDRfile.csv

exit

[VenuReddyGaddam@meydvvmcis03 ~]$ #!/bin/bash
[VenuReddyGaddam@meydvvmcis03 ~]$ 
[VenuReddyGaddam@meydvvmcis03 ~]$ cd /data/fdp/logs/defaultCircle
[VenuReddyGaddam@meydvvmcis03 defaultCircle]$ 
[VenuReddyGaddam@meydvvmcis03 defaultCircle]$ sudo more meydvvmcis03_EDR_CISOnli ne1.csv > /home/VenuReddyGaddam/EDRfile.csv
[VenuReddyGaddam@meydvvmcis03 defaultCircle]$ 
[VenuReddyGaddam@meydvvmcis03 defaultCircle]$ exit
logout

Disconnected channel and session
Connecting SSH to 10.95.214.6 - Please wait for few seconds... 
Successfully Connected to the Host 10.95.214.6 !!!
#!/bin/bash

cd /var/opt/fds/CDR/archive/

grep -l 971520001714 *190526* |tac |head -1 > /home/tasuser/sdpfile.txt

exit

[tasuser@meytvvmsdp01 ~]$ #!/bin/bash
[tasuser@meytvvmsdp01 ~]$ 
[tasuser@meytvvmsdp01 ~]$ cd /var/opt/fds/CDR/archive/
[tasuser@meytvvmsdp01 archive]$ 
[tasuser@meytvvmsdp01 archive]$ grep -l 971520001714 *190526* |tac |head -1 > /h ome/tasuser/sdpfile.txt
[tasuser@meytvvmsdp01 archive]$ 
[tasuser@meytvvmsdp01 archive]$ exit
logout

Disconnected channel and session
Connecting SSH to 10.95.214.72 - Please wait for few seconds... 
Successfully Connected to the Host 10.95.214.72 !!!
Last login: Sun May 26 19:07:44 2019 from 10.160.130.18
#!/bin/bash

cd /data/fdp/logs/defaultCircle

sudo more meydvvmcis03_EDR_CISOnline1.csv > /home/VenuReddyGaddam/EDRfile.csv

exit

[VenuReddyGaddam@meydvvmcis03 ~]$ #!/bin/bash
[VenuReddyGaddam@meydvvmcis03 ~]$ 
[VenuReddyGaddam@meydvvmcis03 ~]$ cd /data/fdp/logs/defaultCircle
[VenuReddyGaddam@meydvvmcis03 defaultCircle]$ 
[VenuReddyGaddam@meydvvmcis03 defaultCircle]$ sudo more meydvvmcis03_EDR_CISOnli ne1.csv > /home/VenuReddyGaddam/EDRfile.csv
[VenuReddyGaddam@meydvvmcis03 defaultCircle]$ 
[VenuReddyGaddam@meydvvmcis03 defaultCircle]$ exit
logout

Disconnected channel and session
Connecting SSH to 10.95.214.22 - Please wait for few seconds... 
Successfully Connected to the Host 10.95.214.22 !!!
# investigated and action would be taken appropriately.                        #
#                                                                              #
# LOG OFF IMMEDIATELY IF YOU ARE NOT AN AUTHORIZED USER                        #
################################################################################
#!/bin/bash

cd /home/tasuser

zgrep -l 971520001714 *190526* |xargs ls|tac|head -1 > /home/tasuser/Auto/occfile_22.txt

exit

[tasuser@meytvvmocc01 ~]$ #!/bin/bash
[tasuser@meytvvmocc01 ~]$ 
[tasuser@meytvvmocc01 ~]$ cd /home/tasuser
[tasuser@meytvvmocc01 ~]$ 
[tasuser@meytvvmocc01 ~]$ zgrep -l 971520001714 *190526* |xargs ls|tac|head -1 >  /home/tasuser/Auto/occfile_22.txt
[tasuser@meytvvmocc01 ~]$ 
[tasuser@meytvvmocc01 ~]$ exit
logout

Disconnected channel and session
Connecting SSH to 10.95.214.21 - Please wait for few seconds... 
Successfully Connected to the Host 10.95.214.21 !!!
# investigated and action would be taken appropriately.                        #
#                                                                              #
# LOG OFF IMMEDIATELY IF YOU ARE NOT AN AUTHORIZED USER                        #
################################################################################
#!/bin/bash

cd /home/tasuser

zgrep -l 971520001714 *190526* |xargs ls|tac|head -1 > /home/tasuser/Auto/occfile_21.txt

exit

[tasuser@meydvvmocc02 ~]$ #!/bin/bash
[tasuser@meydvvmocc02 ~]$ 
[tasuser@meydvvmocc02 ~]$ cd /home/tasuser
[tasuser@meydvvmocc02 ~]$ 
[tasuser@meydvvmocc02 ~]$ zgrep -l 971520001714 *190526* |xargs ls|tac|head -1 >  /home/tasuser/Auto/occfile_21.txt
[tasuser@meydvvmocc02 ~]$ 
[tasuser@meydvvmocc02 ~]$ exit
logout

Disconnected channel and session
Connecting SSH to 10.95.214.6 - Please wait for few seconds... 
Successfully Connected to the Host 10.95.214.6 !!!
#!/bin/bash

cd /var/opt/fds/CDR/archive/

grep -l 971520001714 *190527* |tac |head -1 > /home/tasuser/sdpfile.txt

exit

[tasuser@meytvvmsdp01 ~]$ #!/bin/bash
[tasuser@meytvvmsdp01 ~]$ 
[tasuser@meytvvmsdp01 ~]$ cd /var/opt/fds/CDR/archive/
[tasuser@meytvvmsdp01 archive]$ 
[tasuser@meytvvmsdp01 archive]$ grep -l 971520001714 *190527* |tac |head -1 > /h ome/tasuser/sdpfile.txt
[tasuser@meytvvmsdp01 archive]$ 
[tasuser@meytvvmsdp01 archive]$ exit
logout

Disconnected channel and session
Connecting SSH to 10.95.214.72 - Please wait for few seconds... 
Successfully Connected to the Host 10.95.214.72 !!!
Last login: Sun May 26 19:18:12 2019 from 10.160.130.18
#!/bin/bash

cd /data/fdp/logs/defaultCircle

sudo more meydvvmcis03_EDR_CISOnline1.csv > /home/VenuReddyGaddam/EDRfile.csv

exit

[VenuReddyGaddam@meydvvmcis03 ~]$ #!/bin/bash
[VenuReddyGaddam@meydvvmcis03 ~]$ 
[VenuReddyGaddam@meydvvmcis03 ~]$ cd /data/fdp/logs/defaultCircle
[VenuReddyGaddam@meydvvmcis03 defaultCircle]$ 
[VenuReddyGaddam@meydvvmcis03 defaultCircle]$ sudo more meydvvmcis03_EDR_CISOnli ne1.csv > /home/VenuReddyGaddam/EDRfile.csv
[VenuReddyGaddam@meydvvmcis03 defaultCircle]$ 
[VenuReddyGaddam@meydvvmcis03 defaultCircle]$ exit
logout

Disconnected channel and session
Connecting SSH to 10.95.214.22 - Please wait for few seconds... 
Successfully Connected to the Host 10.95.214.22 !!!
################################################################################
#!/bin/bash

cd /home/tasuser

zgrep -l 971520001714 *190527* |xargs ls|tac|head -1 > /home/tasuser/Auto/occfile_22.txt

exit

[tasuser@meytvvmocc01 ~]$ #!/bin/bash
[tasuser@meytvvmocc01 ~]$ 
[tasuser@meytvvmocc01 ~]$ cd /home/tasuser
[tasuser@meytvvmocc01 ~]$ 
[tasuser@meytvvmocc01 ~]$ zgrep -l 971520001714 *190527* |xargs ls|tac|head -1 >  /home/tasuser/Auto/occfile_22.txt
[tasuser@meytvvmocc01 ~]$ 
[tasuser@meytvvmocc01 ~]$ exit
logout

Disconnected channel and session
Connecting SSH to 10.95.214.21 - Please wait for few seconds... 
Successfully Connected to the Host 10.95.214.21 !!!
#!/bin/bash

cd /home/tasuser

zgrep -l 971520001714 *190527* |xargs ls|tac|head -1 > /home/tasuser/Auto/occfile_21.txt

exit

[tasuser@meydvvmocc02 ~]$ #!/bin/bash
[tasuser@meydvvmocc02 ~]$ 
[tasuser@meydvvmocc02 ~]$ cd /home/tasuser
[tasuser@meydvvmocc02 ~]$ 
[tasuser@meydvvmocc02 ~]$ zgrep -l 971520001714 *190527* |xargs ls|tac|head -1 >  /home/tasuser/Auto/occfile_21.txt
[tasuser@meydvvmocc02 ~]$ 
[tasuser@meydvvmocc02 ~]$ exit
logout

Disconnected channel and session
Connecting SSH to 10.95.214.6 - Please wait for few seconds... 
Successfully Connected to the Host 10.95.214.6 !!!
#!/bin/bash

cd /var/opt/fds/CDR/archive/

grep -l 971520001714 *190527* |tac |head -1 > /home/tasuser/sdpfile.txt

exit

[tasuser@meytvvmsdp01 ~]$ #!/bin/bash
[tasuser@meytvvmsdp01 ~]$ 
[tasuser@meytvvmsdp01 ~]$ cd /var/opt/fds/CDR/archive/
[tasuser@meytvvmsdp01 archive]$ 
[tasuser@meytvvmsdp01 archive]$ grep -l 971520001714 *190527* |tac |head -1 > /h ome/tasuser/sdpfile.txt
[tasuser@meytvvmsdp01 archive]$ 
[tasuser@meytvvmsdp01 archive]$ exit
logout

Disconnected channel and session
Connecting SSH to 10.95.214.72 - Please wait for few seconds... 
Successfully Connected to the Host 10.95.214.72 !!!
#!/bin/bash

cd /data/fdp/logs/defaultCircle

sudo more meydvvmcis03_EDR_CISOnline1.csv > /home/VenuReddyGaddam/EDRfile.csv

exit

[VenuReddyGaddam@meydvvmcis03 ~]$ #!/bin/bash
[VenuReddyGaddam@meydvvmcis03 ~]$ 
[VenuReddyGaddam@meydvvmcis03 ~]$ cd /data/fdp/logs/defaultCircle
[VenuReddyGaddam@meydvvmcis03 defaultCircle]$ 
[VenuReddyGaddam@meydvvmcis03 defaultCircle]$ sudo more meydvvmcis03_EDR_CISOnli ne1.csv > /home/VenuReddyGaddam/EDRfile.csv
[VenuReddyGaddam@meydvvmcis03 defaultCircle]$ 
[VenuReddyGaddam@meydvvmcis03 defaultCircle]$ exit
logout

Disconnected channel and session
Connecting SSH to 10.95.214.22 - Please wait for few seconds... 
Successfully Connected to the Host 10.95.214.22 !!!
# investigated and action would be taken appropriately.                        #
#                                                                              #
# LOG OFF IMMEDIATELY IF YOU ARE NOT AN AUTHORIZED USER                        #
################################################################################
#!/bin/bash

cd /home/tasuser

zgrep -l 971520001714 *190527* |xargs ls|tac|head -1 > /home/tasuser/Auto/occfile_22.txt

exit

[tasuser@meytvvmocc01 ~]$ #!/bin/bash
[tasuser@meytvvmocc01 ~]$ 
[tasuser@meytvvmocc01 ~]$ cd /home/tasuser
[tasuser@meytvvmocc01 ~]$ 
[tasuser@meytvvmocc01 ~]$ zgrep -l 971520001714 *190527* |xargs ls|tac|head -1 >  /home/tasuser/Auto/occfile_22.txt
[tasuser@meytvvmocc01 ~]$ 
[tasuser@meytvvmocc01 ~]$ exit
logout

Disconnected channel and session
Connecting SSH to 10.95.214.21 - Please wait for few seconds... 
Successfully Connected to the Host 10.95.214.21 !!!
#!/bin/bash

cd /home/tasuser

zgrep -l 971520001714 *190527* |xargs ls|tac|head -1 > /home/tasuser/Auto/occfile_21.txt

exit

[tasuser@meydvvmocc02 ~]$ #!/bin/bash
[tasuser@meydvvmocc02 ~]$ 
[tasuser@meydvvmocc02 ~]$ cd /home/tasuser
[tasuser@meydvvmocc02 ~]$ 
[tasuser@meydvvmocc02 ~]$ zgrep -l 971520001714 *190527* |xargs ls|tac|head -1 >  /home/tasuser/Auto/occfile_21.txt
[tasuser@meydvvmocc02 ~]$ 
[tasuser@meydvvmocc02 ~]$ exit
logout

Disconnected channel and session
Connecting SSH to 10.95.214.6 - Please wait for few seconds... 
Successfully Connected to the Host 10.95.214.6 !!!
#!/bin/bash

cd /var/opt/fds/CDR/archive/

grep -l 971520001714 *190527* |tac |head -1 > /home/tasuser/sdpfile.txt

exit

[tasuser@meytvvmsdp01 ~]$ #!/bin/bash
[tasuser@meytvvmsdp01 ~]$ 
[tasuser@meytvvmsdp01 ~]$ cd /var/opt/fds/CDR/archive/
[tasuser@meytvvmsdp01 archive]$ 
[tasuser@meytvvmsdp01 archive]$ grep -l 971520001714 *190527* |tac |head -1 > /h ome/tasuser/sdpfile.txt
[tasuser@meytvvmsdp01 archive]$ 
[tasuser@meytvvmsdp01 archive]$ exit
logout

Disconnected channel and session
Connecting SSH to 10.95.214.72 - Please wait for few seconds... 
Successfully Connected to the Host 10.95.214.72 !!!
#!/bin/bash

cd /data/fdp/logs/defaultCircle

sudo more meydvvmcis03_EDR_CISOnline1.csv > /home/VenuReddyGaddam/EDRfile.csv

exit

[VenuReddyGaddam@meydvvmcis03 ~]$ #!/bin/bash
[VenuReddyGaddam@meydvvmcis03 ~]$ 
[VenuReddyGaddam@meydvvmcis03 ~]$ cd /data/fdp/logs/defaultCircle
[VenuReddyGaddam@meydvvmcis03 defaultCircle]$ 
[VenuReddyGaddam@meydvvmcis03 defaultCircle]$ sudo more meydvvmcis03_EDR_CISOnli ne1.csv > /home/VenuReddyGaddam/EDRfile.csv
[VenuReddyGaddam@meydvvmcis03 defaultCircle]$ 
[VenuReddyGaddam@meydvvmcis03 defaultCircle]$ exit
logout

Disconnected channel and session
Connecting SSH to 10.95.214.22 - Please wait for few seconds... 
Successfully Connected to the Host 10.95.214.22 !!!
#!/bin/bash

cd /home/tasuser

zgrep -l 971520001714 *190527* |xargs ls|tac|head -1 > /home/tasuser/Auto/occfile_22.txt

exit

[tasuser@meytvvmocc01 ~]$ #!/bin/bash
[tasuser@meytvvmocc01 ~]$ 
[tasuser@meytvvmocc01 ~]$ cd /home/tasuser
[tasuser@meytvvmocc01 ~]$ 
[tasuser@meytvvmocc01 ~]$ zgrep -l 971520001714 *190527* |xargs ls|tac|head -1 >  /home/tasuser/Auto/occfile_22.txt
[tasuser@meytvvmocc01 ~]$ 
[tasuser@meytvvmocc01 ~]$ exit
logout

Disconnected channel and session
Connecting SSH to 10.95.214.21 - Please wait for few seconds... 
Successfully Connected to the Host 10.95.214.21 !!!
# All activities on this system are logged. Unauthorized access will be fully  #
# investigated and action would be taken appropriately.                        #
#                                                                              #
# LOG OFF IMMEDIATELY IF YOU ARE NOT AN AUTHORIZED USER                        #
################################################################################
#!/bin/bash

cd /home/tasuser

zgrep -l 971520001714 *190527* |xargs ls|tac|head -1 > /home/tasuser/Auto/occfile_21.txt

exit

[tasuser@meydvvmocc02 ~]$ #!/bin/bash
[tasuser@meydvvmocc02 ~]$ 
[tasuser@meydvvmocc02 ~]$ cd /home/tasuser
[tasuser@meydvvmocc02 ~]$ 
[tasuser@meydvvmocc02 ~]$ zgrep -l 971520001714 *190527* |xargs ls|tac|head -1 >  /home/tasuser/Auto/occfile_21.txt
[tasuser@meydvvmocc02 ~]$ 
[tasuser@meydvvmocc02 ~]$ exit
logout

Disconnected channel and session
Connecting SSH to 10.95.214.6 - Please wait for few seconds... 
Successfully Connected to the Host 10.95.214.6 !!!
################################################################################
# Warning! You have entered into a secured area!                               #
# Your IP, Login Time, Username have been noted for auditing purposes.         #
# This service is restricted to authorized users only.                         #
# All activities on this system are logged. Unauthorized access will be fully  #
# investigated and action would be taken appropriately.                        #
#                                                                              #
# LOG OFF IMMEDIATELY IF YOU ARE NOT AN AUTHORIZED USER                        #
################################################################################
#!/bin/bash

cd /var/opt/fds/CDR/archive/

grep -l 971520001714 *190527* |tac |head -1 > /home/tasuser/sdpfile.txt

exit

[tasuser@meytvvmsdp01 ~]$ #!/bin/bash
[tasuser@meytvvmsdp01 ~]$ 
[tasuser@meytvvmsdp01 ~]$ cd /var/opt/fds/CDR/archive/
[tasuser@meytvvmsdp01 archive]$ 

[tasuser@meytvvmsdp01 archive]$ grep -l 971520001714 *190527* |tac |head -1 > /h ome/tasuser/sdpfile.txt
[tasuser@meytvvmsdp01 archive]$ 
[tasuser@meytvvmsdp01 archive]$ exit
logout

Disconnected channel and session
Connecting SSH to 10.95.214.72 - Please wait for few seconds... 
Successfully Connected to the Host 10.95.214.72 !!!
Last login: Mon May 27 11:57:07 2019 from 10.160.130.18
#!/bin/bash

cd /data/fdp/logs/defaultCircle

sudo more meydvvmcis03_EDR_CISOnline1.csv > /home/VenuReddyGaddam/EDRfile.csv

exit

[VenuReddyGaddam@meydvvmcis03 ~]$ #!/bin/bash
[VenuReddyGaddam@meydvvmcis03 ~]$ 
[VenuReddyGaddam@meydvvmcis03 ~]$ cd /data/fdp/logs/defaultCircle
[VenuReddyGaddam@meydvvmcis03 defaultCircle]$ 
[VenuReddyGaddam@meydvvmcis03 defaultCircle]$ sudo more meydvvmcis03_EDR_CISOnli ne1.csv > /home/VenuReddyGaddam/EDRfile.csv
[VenuReddyGaddam@meydvvmcis03 defaultCircle]$ 
[VenuReddyGaddam@meydvvmcis03 defaultCircle]$ exit
logout

Disconnected channel and session
Connecting SSH to 10.95.214.22 - Please wait for few seconds... 
Successfully Connected to the Host 10.95.214.22 !!!
Last login: Mon May 27 11:56:54 2019 from 10.160.130.18
################################################################################
# Warning! You have entered into a secured area!                               #
# Your IP, Login Time, Username has been noted for auditing purposes.          #
# This service is restricted to authorized users only.                         #
# All activities on this system are logged. Unauthorized access will be fully  #
# investigated and action would be taken appropriately.                        #
#                                                                              #
# LOG OFF IMMEDIATELY IF YOU ARE NOT AN AUTHORIZED USER                        #
################################################################################
#!/bin/bash

cd /home/tasuser

zgrep -l 971520001714 *190527* |xargs ls|tac|head -1 > /home/tasuser/Auto/occfile_22.txt

exit

[tasuser@meytvvmocc01 ~]$ #!/bin/bash
[tasuser@meytvvmocc01 ~]$ 
[tasuser@meytvvmocc01 ~]$ 
cd /home/tasuser
[tasuser@meytvvmocc01 ~]$ 
[tasuser@meytvvmocc01 ~]$ zgrep -l 971520001714 *190527* |xargs ls|tac|head -1 >  /home/tasuser/Auto/occfile_22.txt
[tasuser@meytvvmocc01 ~]$ 
[tasuser@meytvvmocc01 ~]$ exit
logout

Disconnected channel and session
Connecting SSH to 10.95.214.21 - Please wait for few seconds... 
Successfully Connected to the Host 10.95.214.21 !!!
# Your IP, Login Time, Username has been noted for auditing purposes.          #
# This service is restricted to authorized users only.                         #
# All activities on this system are logged. Unauthorized access will be fully  #
# investigated and action would be taken appropriately.                        #
#                                                                              #
# LOG OFF IMMEDIATELY IF YOU ARE NOT AN AUTHORIZED USER                        #
################################################################################
#!/bin/bash

cd /home/tasuser

zgrep -l 971520001714 *190527* |xargs ls|tac|head -1 > /home/tasuser/Auto/occfile_21.txt

exit

[tasuser@meydvvmocc02 ~]$ #!/bin/bash
[tasuser@meydvvmocc02 ~]$ 
[tasuser@meydvvmocc02 ~]$ cd /home/tasuser
[tasuser@meydvvmocc02 ~]$ 
[tasuser@meydvvmocc02 ~]$ zgrep -l 971520001714 *190527* |xargs ls|tac|head -1 >  /home/tasuser/Auto/occfile_21.txt
[tasuser@meydvvmocc02 ~]$ 
[tasuser@meydvvmocc02 ~]$ exit

logout

Disconnected channel and session
Connecting SSH to 10.95.214.22 - Please wait for few seconds... 
Successfully Connected to the Host 10.95.214.22 !!!
Last login: Mon May 27 13:02:49 2019 from 10.44.75.122
################################################################################
# Warning! You have entered into a secured area!                               #
# Your IP, Login Time, Username has been noted for auditing purposes.          #
# This service is restricted to authorized users only.                         #
# All activities on this system are logged. Unauthorized access will be fully  #
# investigated and action would be taken appropriately.                        #
#                                                                              #
# LOG OFF IMMEDIATELY IF YOU ARE NOT AN AUTHORIZED USER                        #
################################################################################
#!/bin/bash

cd /home/tasuser

zgrep -l 971520001714 *190527* |tac|head -1 > /home/tasuser/Auto/occfile_22.txt

exit

[tasuser@meytvvmocc01 ~]$ #!/bin/bash
[tasuser@meytvvmocc01 ~]$ 
[tasuser@meytvvmocc01 ~]$ cd /home/t
asuser
[tasuser@meytvvmocc01 ~]$ 
[tasuser@meytvvmocc01 ~]$ zgrep -l 971520001714 *190527* |tac|head -1 > /home/ta suser/Auto/occfile_22.txt
[tasuser@meytvvmocc01 ~]$ 
[tasuser@meytvvmocc01 ~]$ exit
logout

Disconnected channel and session
Connecting SSH to 10.95.214.21 - Please wait for few seconds... 
Successfully Connected to the Host 10.95.214.21 !!!
#!/bin/bash

cd /home/tasuser

zgrep -l 971520001714 *190527* |tac|head -1 > /home/tasuser/Auto/occfile_21.txt

exit

[tasuser@meydvvmocc02 ~]$ #!/bin/bash
[tasuser@meydvvmocc02 ~]$ 
[tasuser@meydvvmocc02 ~]$ cd /home/tasuser
[tasuser@meydvvmocc02 ~]$ 
[tasuser@meydvvmocc02 ~]$ zgrep -l 971520001714 *190527* |tac|head -1 > /home/ta suser/Auto/occfile_21.txt
[tasuser@meydvvmocc02 ~]$ 
[tasuser@meydvvmocc02 ~]$ exit
logout

Disconnected channel and session
Connecting SSH to 10.95.214.22 - Please wait for few seconds... 
Successfully Connected to the Host 10.95.214.22 !!!
Last login: Mon May 27 13:44:49 2019 from 10.160.130.18
################################################################################
# Warning! You have entered into a secured area!                               #
# Your IP, Login Time, Username has been noted for auditing purposes.          #
# This service is restricted to authorized users only.                         #
# All activities on this system are logged. Unauthorized access will be fully  #
# investigated and action would be taken appropriately.                        #
#                                                                              #
# LOG OFF IMMEDIATELY IF YOU ARE NOT AN AUTHORIZED USER                        #
################################################################################
#!/bin/bash

cd /home/tasuser

zgrep -l 971520001714 *190527* |tac|head -1 > /home/tasuser/Auto/occfile_22.txt

exit

[tasuser@meytvvmocc01 ~]$ #!/bin/bash
[tasuser@meytvvmocc01 ~]$ 
[tasuser@meytvvmocc01 ~]$ cd /home/
tasuser
[tasuser@meytvvmocc01 ~]$ 
[tasuser@meytvvmocc01 ~]$ zgrep -l 971520001714 *190527* |tac|head -1 > /home/ta suser/Auto/occfile_22.txt
[tasuser@meytvvmocc01 ~]$ 
[tasuser@meytvvmocc01 ~]$ exit
logout

Disconnected channel and session
Connecting SSH to 10.95.214.21 - Please wait for few seconds... 
Successfully Connected to the Host 10.95.214.21 !!!
# Your IP, Login Time, Username has been noted for auditing purposes.          #
# This service is restricted to authorized users only.                         #
# All activities on this system are logged. Unauthorized access will be fully  #
# investigated and action would be taken appropriately.                        #
#                                                                              #
# LOG OFF IMMEDIATELY IF YOU ARE NOT AN AUTHORIZED USER                        #
################################################################################
#!/bin/bash

cd /home/tasuser

zgrep -l 971520001714 *190527* |tac|head -1 > /home/tasuser/Auto/occfile_21.txt

exit

[tasuser@meydvvmocc02 ~]$ #!/bin/bash
[tasuser@meydvvmocc02 ~]$ 
[tasuser@meydvvmocc02 ~]$ cd /home/tasuser
[tasuser@meydvvmocc02 ~]$ 
[tasuser@meydvvmocc02 ~]$ zgrep -l 971520001714 *190527* |tac|head -1 > /home/ta suser/Auto/occfile_21.txt
[tasuser@meydvvmocc02 ~]$ 
[tasuser@meydvvmocc02 ~]$ exit
logout

Disconnected channel and session
Connecting SSH to 10.95.214.6 - Please wait for few seconds... 
Successfully Connected to the Host 10.95.214.6 !!!
#!/bin/bash

cd /var/opt/fds/CDR/archive/

grep -l 971520001714 *190527* |tac |head -1 > /home/tasuser/sdpfile.txt

exit

[tasuser@meytvvmsdp01 ~]$ #!/bin/bash
[tasuser@meytvvmsdp01 ~]$ 
[tasuser@meytvvmsdp01 ~]$ cd /var/opt/fds/CDR/archive/
[tasuser@meytvvmsdp01 archive]$ 
[tasuser@meytvvmsdp01 archive]$ grep -l 971520001714 *190527* |tac |head -1 > /h ome/tasuser/sdpfile.txt
[tasuser@meytvvmsdp01 archive]$ 
[tasuser@meytvvmsdp01 archive]$ exit
logout

Disconnected channel and session
Connecting SSH to 10.95.214.72 - Please wait for few seconds... 
Successfully Connected to the Host 10.95.214.72 !!!
Last login: Mon May 27 12:44:47 2019 from 10.160.130.18
#!/bin/bash

cd /data/fdp/logs/defaultCircle

sudo more meydvvmcis03_EDR_CISOnline1.csv > /home/VenuReddyGaddam/EDRfile.csv

exit

[VenuReddyGaddam@meydvvmcis03 ~]$ #!/bin/bash
[VenuReddyGaddam@meydvvmcis03 ~]$ 
[VenuReddyGaddam@meydvvmcis03 ~]$ cd /data/fdp/logs/defaultCircle
[VenuReddyGaddam@meydvvmcis03 defaultCircle]$ 
[VenuReddyGaddam@meydvvmcis03 defaultCircle]$ sudo more meydvvmcis03_EDR_CISOnli ne1.csv > /home/VenuReddyGaddam/EDRfile.csv
[VenuReddyGaddam@meydvvmcis03 defaultCircle]$ 
[VenuReddyGaddam@meydvvmcis03 defaultCircle]$ exit
logout

Disconnected channel and session
Connecting SSH to 10.95.214.22 - Please wait for few seconds... 
Successfully Connected to the Host 10.95.214.22 !!!
# Your IP, Login Time, Username has been noted for auditing purposes.          #
# This service is restricted to authorized users only.                         #
# All activities on this system are logged. Unauthorized access will be fully  #
# investigated and action would be taken appropriately.                        #
#                                                                              #
# LOG OFF IMMEDIATELY IF YOU ARE NOT AN AUTHORIZED USER                        #
################################################################################
#!/bin/bash

cd /home/tasuser

zgrep -l 971520001714 *190527* |tac|head -1 > /home/tasuser/Auto/occfile_22.txt

exit

[tasuser@meytvvmocc01 ~]$ #!/bin/bash
[tasuser@meytvvmocc01 ~]$ 
[tasuser@meytvvmocc01 ~]$ cd /home/tasuser
[tasuser@meytvvmocc01 ~]$ 
[tasuser@meytvvmocc01 ~]$ zgrep -l 971520001714 *190527* |tac|head -1 > /home/ta suser/Auto/occfile_22.txt
[tasuser@meytvvmocc01 ~]$ 
[tasuser@meytvvmocc01 ~]$ exit
logout

Disconnected channel and session
Connecting SSH to 10.95.214.21 - Please wait for few seconds... 
Successfully Connected to the Host 10.95.214.21 !!!
################################################################################
# Warning! You have entered into a secured area!                               #
# Your IP, Login Time, Username has been noted for auditing purposes.          #
# This service is restricted to authorized users only.                         #
# All activities on this system are logged. Unauthorized access will be fully  #
# investigated and action would be taken appropriately.                        #
#                                                                              #
# LOG OFF IMMEDIATELY IF YOU ARE NOT AN AUTHORIZED USER                        #
################################################################################
#!/bin/bash

cd /home/tasuser

zgrep -l 971520001714 *190527* |tac|head -1 > /home/tasuser/Auto/occfile_21.txt

exit

[tasuser@meydvvmocc02 ~]$ #!/bin/bash
[tasuser@meydvvmocc02 ~]$ 
[tasuser@meydvvmocc02 ~]$ cd /home/tasuser
[tasuser@meydvvmocc02 ~]$ 
[tasuser@meydvvmocc02
 ~]$ zgrep -l 971520001714 *190527* |tac|head -1 > /home/ta suser/Auto/occfile_21.txt
[tasuser@meydvvmocc02 ~]$ 
[tasuser@meydvvmocc02 ~]$ exit
logout

Disconnected channel and session
Connecting SSH to 10.95.214.72 - Please wait for few seconds... 
Successfully Connected to the Host 10.95.214.72 !!!
Last login: Mon May 27 13:59:36 2019 from 10.160.130.18
#!/bin/bash

cd /data/fdp/logs/defaultCircle

sudo more meydvvmcis03_EDR_CISOnline1.csv > /home/VenuReddyGaddam/EDRfile.csv

exit

[VenuReddyGaddam@meydvvmcis03 ~]$ #!/bin/bash
[VenuReddyGaddam@meydvvmcis03 ~]$ 
[VenuReddyGaddam@meydvvmcis03 ~]$ cd /data/fdp/logs/defaultCircle
[VenuReddyGaddam@meydvvmcis03 defaultCircle]$ 
[VenuReddyGaddam@meydvvmcis03 defaultCircle]$ sudo more meydvvmcis03_EDR_CISOnli ne1.csv > /home/VenuReddyGaddam/EDRfile.csv
[VenuReddyGaddam@meydvvmcis03 defaultCircle]$ 
[VenuReddyGaddam@meydvvmcis03 defaultCircle]$ exit
logout

Disconnected channel and session
Connecting SSH to 10.95.214.6 - Please wait for few seconds... 
Successfully Connected to the Host 10.95.214.6 !!!

# All activities on this system are logged. Unauthorized access will be fully  #
# investigated and action would be taken appropriately.                        #
#                                                                              #
# LOG OFF IMMEDIATELY IF YOU ARE NOT AN AUTHORIZED USER                        #
################################################################################
#!/bin/bash

cd /var/opt/fds/CDR/archive/

grep -l 971520001714 *190527* |tac |head -1 > /home/tasuser/sdpfile.txt

exit

[tasuser@meytvvmsdp01 ~]$ #!/bin/bash
[tasuser@meytvvmsdp01 ~]$ 
[tasuser@meytvvmsdp01 ~]$ cd /var/opt/fds/CDR/archive/
[tasuser@meytvvmsdp01 archive]$ 
[tasuser@meytvvmsdp01 archive]$ grep -l 971520001714 *190527* |tac |head -1 > /h ome/tasuser/sdpfile.txt
[tasuser@meytvvmsdp01 archive]$ 
[tasuser@meytvvmsdp01 archive]$ exit
logout

Disconnected channel and session
Connecting SSH to 10.95.214.22 - Please wait for few seconds... 
Successfully Connected to the Host 10.95.214.22 !!!

# All activities on this system are logged. Unauthorized access will be fully  #
# investigated and action would be taken appropriately.                        #
#                                                                              #
# LOG OFF IMMEDIATELY IF YOU ARE NOT AN AUTHORIZED USER                        #
################################################################################
#!/bin/bash

cd /home/tasuser

zgrep -l 971520001714 *190527* |tac|head -1 > /home/tasuser/Auto/occfile_22.txt

exit

[tasuser@meytvvmocc01 ~]$ #!/bin/bash
[tasuser@meytvvmocc01 ~]$ 
[tasuser@meytvvmocc01 ~]$ cd /home/tasuser
[tasuser@meytvvmocc01 ~]$ 
[tasuser@meytvvmocc01 ~]$ zgrep -l 971520001714 *190527* |tac|head -1 > /home/ta suser/Auto/occfile_22.txt
[tasuser@meytvvmocc01 ~]$ 
[tasuser@meytvvmocc01 ~]$ exit
logout

Disconnected channel and session
Connecting SSH to 10.95.214.21 - Please wait for few seconds... 
Successfully Connected to the Host 10.95.214.21 !!!
#!/bin/bash

cd /home/tasuser

zgrep -l 971520001714 *190527* |tac|head -1 > /home/tasuser/Auto/occfile_21.txt

exit

[tasuser@meydvvmocc02 ~]$ #!/bin/bash
[tasuser@meydvvmocc02 ~]$ 
[tasuser@meydvvmocc02 ~]$ cd /home/tasuser
[tasuser@meydvvmocc02 ~]$ 
[tasuser@meydvvmocc02 ~]$ zgrep -l 971520001714 *190527* |tac|head -1 > /home/ta suser/Auto/occfile_21.txt
[tasuser@meydvvmocc02 ~]$ 
[tasuser@meydvvmocc02 ~]$ exit
logout

Disconnected channel and session
Connecting SSH to 10.95.214.72 - Please wait for few seconds... 
Successfully Connected to the Host 10.95.214.72 !!!
#!/bin/bash

cd /data/fdp/logs/defaultCircle

sudo more meydvvmcis03_EDR_CISOnline1.csv > /home/VenuReddyGaddam/EDRfile.csv

exit

[VenuReddyGaddam@meydvvmcis03 ~]$ #!/bin/bash
[VenuReddyGaddam@meydvvmcis03 ~]$ 
[VenuReddyGaddam@meydvvmcis03 ~]$ cd /data/fdp/logs/defaultCircle
[VenuReddyGaddam@meydvvmcis03 defaultCircle]$ 
[VenuReddyGaddam@meydvvmcis03 defaultCircle]$ sudo more meydvvmcis03_EDR_CISOnli ne1.csv > /home/VenuReddyGaddam/EDRfile.csv
[VenuReddyGaddam@meydvvmcis03 defaultCircle]$ 
[VenuReddyGaddam@meydvvmcis03 defaultCircle]$ exit
logout

Disconnected channel and session
Connecting SSH to 10.95.214.6 - Please wait for few seconds... 
Successfully Connected to the Host 10.95.214.6 !!!
#                                                                              #
# LOG OFF IMMEDIATELY IF YOU ARE NOT AN AUTHORIZED USER                        #
################################################################################
#!/bin/bash

cd /var/opt/fds/CDR/archive/

cd grep -l 971520001714 *20190527* |tac |head -1 > /home/tasuser/sdpfile.txt

exit

[tasuser@meytvvmsdp01 ~]$ #!/bin/bash
[tasuser@meytvvmsdp01 ~]$ 
[tasuser@meytvvmsdp01 ~]$ cd /var/opt/fds/CDR/archive/
[tasuser@meytvvmsdp01 archive]$ 
[tasuser@meytvvmsdp01 archive]$ cd grep -l 971520001714 *20190527* |tac |head -1  > /home/tasuser/sdpfile.txt
-bash: cd: grep: No such file or directory
[tasuser@meytvvmsdp01 archive]$ 
[tasuser@meytvvmsdp01 archive]$ exit
logout

Disconnected channel and session
Connecting SSH to 10.95.214.22 - Please wait for few seconds... 
Successfully Connected to the Host 10.95.214.22 !!!
#                                                                              #
# LOG OFF IMMEDIATELY IF YOU ARE NOT AN AUTHORIZED USER                        #
################################################################################
#!/bin/bash

cd /home/tasuser

zgrep -l 971520001714 *190527* |tac|head -1 > /home/tasuser/Auto/occfile_22.txt

exit

[tasuser@meytvvmocc01 ~]$ #!/bin/bash
[tasuser@meytvvmocc01 ~]$ 
[tasuser@meytvvmocc01 ~]$ cd /home/tasuser
[tasuser@meytvvmocc01 ~]$ 
[tasuser@meytvvmocc01 ~]$ zgrep -l 971520001714 *190527* |tac|head -1 > /home/ta suser/Auto/occfile_22.txt
[tasuser@meytvvmocc01 ~]$ 
[tasuser@meytvvmocc01 ~]$ exit
logout

Disconnected channel and session
Connecting SSH to 10.95.214.21 - Please wait for few seconds... 
Successfully Connected to the Host 10.95.214.21 !!!
#!/bin/bash

cd /home/tasuser

zgrep -l 971520001714 *190527* |tac|head -1 > /home/tasuser/Auto/occfile_21.txt

exit

[tasuser@meydvvmocc02 ~]$ #!/bin/bash
[tasuser@meydvvmocc02 ~]$ 
[tasuser@meydvvmocc02 ~]$ cd /home/tasuser
[tasuser@meydvvmocc02 ~]$ 
[tasuser@meydvvmocc02 ~]$ zgrep -l 971520001714 *190527* |tac|head -1 > /home/ta suser/Auto/occfile_21.txt
[tasuser@meydvvmocc02 ~]$ 
[tasuser@meydvvmocc02 ~]$ exit
logout

Disconnected channel and session
Connecting SSH to 10.95.214.6 - Please wait for few seconds... 
Successfully Connected to the Host 10.95.214.6 !!!
#!/bin/bash

cd /var/opt/fds/CDR/archive/

grep -l 971520001714 *190527* |tac |head -1 > /home/tasuser/sdpfile.txt

exit

[tasuser@meytvvmsdp01 ~]$ #!/bin/bash
[tasuser@meytvvmsdp01 ~]$ 
[tasuser@meytvvmsdp01 ~]$ cd /var/opt/fds/CDR/archive/
[tasuser@meytvvmsdp01 archive]$ 
[tasuser@meytvvmsdp01 archive]$ grep -l 971520001714 *190527* |tac |head -1 > /h ome/tasuser/sdpfile.txt
[tasuser@meytvvmsdp01 archive]$ 
[tasuser@meytvvmsdp01 archive]$ exit
logout

Disconnected channel and session
Connecting SSH to 10.95.214.72 - Please wait for few seconds... 
Successfully Connected to the Host 10.95.214.72 !!!
Last login: Mon May 27 15:39:26 2019 from 10.160.130.18
#!/bin/bash

cd /data/fdp/logs/defaultCircle

sudo more meydvvmcis03_EDR_CISOnline1.csv > /home/VenuReddyGaddam/EDRfile.csv

exit

[VenuReddyGaddam@meydvvmcis03 ~]$ #!/bin/bash
[VenuReddyGaddam@meydvvmcis03 ~]$ 
[VenuReddyGaddam@meydvvmcis03 ~]$ cd /data/fdp/logs/defaultCircle
[VenuReddyGaddam@meydvvmcis03 defaultCircle]$ 
[VenuReddyGaddam@meydvvmcis03 defaultCircle]$ sudo more meydvvmcis03_EDR_CISOnli ne1.csv > /home/VenuReddyGaddam/EDRfile.csv
[VenuReddyGaddam@meydvvmcis03 defaultCircle]$ 
[VenuReddyGaddam@meydvvmcis03 defaultCircle]$ exit
logout

Disconnected channel and session
Connecting SSH to 10.95.214.22 - Please wait for few seconds... 
Successfully Connected to the Host 10.95.214.22 !!!
# Warning! You have entered into a secured area!                               #
# Your IP, Login Time, Username has been noted for auditing purposes.          #
# This service is restricted to authorized users only.                         #
# All activities on this system are logged. Unauthorized access will be fully  #
# investigated and action would be taken appropriately.                        #
#                                                                              #
# LOG OFF IMMEDIATELY IF YOU ARE NOT AN AUTHORIZED USER                        #
################################################################################
#!/bin/bash

cd /home/tasuser

zgrep -l 971520001714 *190527* |tac|head -1 > /home/tasuser/Auto/occfile_22.txt

exit

[tasuser@meytvvmocc01 ~]$ #!/bin/bash
[tasuser@meytvvmocc01 ~]$ 
[tasuser@meytvvmocc01 ~]$ cd /home/tasuser
[tasuser@meytvvmocc01 ~]$ 
[tasuser@meytvvmocc01 ~]$ zgrep -l 971520001714 *190527* |tac|head -1 > /home/ta suser/Auto/occfile_22
.txt
[tasuser@meytvvmocc01 ~]$ 
[tasuser@meytvvmocc01 ~]$ exit
logout

Disconnected channel and session
Connecting SSH to 10.95.214.21 - Please wait for few seconds... 
Successfully Connected to the Host 10.95.214.21 !!!

# This service is restricted to authorized users only.                         #
# All activities on this system are logged. Unauthorized access will be fully  #
# investigated and action would be taken appropriately.                        #
#                                                                              #
# LOG OFF IMMEDIATELY IF YOU ARE NOT AN AUTHORIZED USER                        #
################################################################################
#!/bin/bash

cd /home/tasuser

zgrep -l 971520001714 *190527* |tac|head -1 > /home/tasuser/Auto/occfile_21.txt

exit

[tasuser@meydvvmocc02 ~]$ #!/bin/bash
[tasuser@meydvvmocc02 ~]$ 
[tasuser@meydvvmocc02 ~]$ cd /home/tasuser
[tasuser@meydvvmocc02 ~]$ 
[tasuser@meydvvmocc02 ~]$ zgrep -l 971520001714 *190527* |tac|head -1 > /home/ta suser/Auto/occfile_21.txt
[tasuser@meydvvmocc02 ~]$ 
[tasuser@meydvvmocc02 ~]$ exit
logout

Disconnected channel and session
Connecting SSH to 10.95.214.72 - Please wait for few seconds... 
Successfully Connected to the Host 10.95.214.72 !!!
Last login: Mon May 27 15:49:02 2019 from 10.160.130.18
#!/bin/bash

cd /data/fdp/logs/defaultCircle

sudo more meydvvmcis03_EDR_CISOnline1.csv > /home/VenuReddyGaddam/EDRfile.csv

exit

[VenuReddyGaddam@meydvvmcis03 ~]$ #!/bin/bash
[VenuReddyGaddam@meydvvmcis03 ~]$ 
[VenuReddyGaddam@meydvvmcis03 ~]$ cd /data/fdp/logs/defaultCircle
[VenuReddyGaddam@meydvvmcis03 defaultCircle]$ 
[VenuReddyGaddam@meydvvmcis03 defaultCircle]$ sudo more meydvvmcis03_EDR_CISOnli ne1.csv > /home/VenuReddyGaddam/EDRfile.csv
[VenuReddyGaddam@meydvvmcis03 defaultCircle]$ 
[VenuReddyGaddam@meydvvmcis03 defaultCircle]$ exit
logout

Disconnected channel and session
Connecting SSH to 10.95.214.6 - Please wait for few seconds... 
Successfully Connected to the Host 10.95.214.6 !!!
#!/bin/bash

cd /var/opt/fds/CDR/archive/

grep -l 971520001714 *190527* |tac |head -1 > /home/tasuser/sdpfile.txt

exit

[tasuser@meytvvmsdp01 ~]$ #!/bin/bash
[tasuser@meytvvmsdp01 ~]$ 
[tasuser@meytvvmsdp01 ~]$ cd /var/opt/fds/CDR/archive/
[tasuser@meytvvmsdp01 archive]$ 
[tasuser@meytvvmsdp01 archive]$ grep -l 971520001714 *190527* |tac |head -1 > /h ome/tasuser/sdpfile.txt
[tasuser@meytvvmsdp01 archive]$ 
[tasuser@meytvvmsdp01 archive]$ exit
logout

Disconnected channel and session
Connecting SSH to 10.95.214.22 - Please wait for few seconds... 
Successfully Connected to the Host 10.95.214.22 !!!
# investigated and action would be taken appropriately.                        #
#                                                                              #
# LOG OFF IMMEDIATELY IF YOU ARE NOT AN AUTHORIZED USER                        #
################################################################################
#!/bin/bash

cd /home/tasuser

zgrep -l 971520001714 *190527* |tac|head -1 > /home/tasuser/Auto/occfile_22.txt

exit

[tasuser@meytvvmocc01 ~]$ #!/bin/bash
[tasuser@meytvvmocc01 ~]$ 
[tasuser@meytvvmocc01 ~]$ cd /home/tasuser
[tasuser@meytvvmocc01 ~]$ 
[tasuser@meytvvmocc01 ~]$ zgrep -l 971520001714 *190527* |tac|head -1 > /home/ta suser/Auto/occfile_22.txt
[tasuser@meytvvmocc01 ~]$ 
[tasuser@meytvvmocc01 ~]$ exit
logout

Disconnected channel and session
Connecting SSH to 10.95.214.21 - Please wait for few seconds... 
Successfully Connected to the Host 10.95.214.21 !!!
# All activities on this system are logged. Unauthorized access will be fully  #
# investigated and action would be taken appropriately.                        #
#                                                                              #
# LOG OFF IMMEDIATELY IF YOU ARE NOT AN AUTHORIZED USER                        #
################################################################################
#!/bin/bash

cd /home/tasuser

zgrep -l 971520001714 *190527* |tac|head -1 > /home/tasuser/Auto/occfile_21.txt

exit

[tasuser@meydvvmocc02 ~]$ #!/bin/bash
[tasuser@meydvvmocc02 ~]$ 
[tasuser@meydvvmocc02 ~]$ cd /home/tasuser
[tasuser@meydvvmocc02 ~]$ 
[tasuser@meydvvmocc02 ~]$ zgrep -l 971520001714 *190527* |tac|head -1 > /home/ta suser/Auto/occfile_21.txt
[tasuser@meydvvmocc02 ~]$ 
[tasuser@meydvvmocc02 ~]$ exit
logout

Disconnected channel and session
Connecting SSH to 10.95.214.72 - Please wait for few seconds... 
Successfully Connected to the Host 10.95.214.72 !!!
#!/bin/bash

cd /data/fdp/logs/defaultCircle

sudo more meydvvmcis03_EDR_CISOnline1.csv > /home/VenuReddyGaddam/EDRfile.csv

exit

[VenuReddyGaddam@meydvvmcis03 ~]$ #!/bin/bash
[VenuReddyGaddam@meydvvmcis03 ~]$ 
[VenuReddyGaddam@meydvvmcis03 ~]$ cd /data/fdp/logs/defaultCircle
[VenuReddyGaddam@meydvvmcis03 defaultCircle]$ 
[VenuReddyGaddam@meydvvmcis03 defaultCircle]$ sudo more meydvvmcis03_EDR_CISOnli ne1.csv > /home/VenuReddyGaddam/EDRfile.csv
[VenuReddyGaddam@meydvvmcis03 defaultCircle]$ 
[VenuReddyGaddam@meydvvmcis03 defaultCircle]$ exit
logout

Disconnected channel and session
Connecting SSH to 10.95.214.6 - Please wait for few seconds... 
Successfully Connected to the Host 10.95.214.6 !!!
# This service is restricted to authorized users only.                         #
# All activities on this system are logged. Unauthorized access will be fully  #
# investigated and action would be taken appropriately.                        #
#                                                                              #
# LOG OFF IMMEDIATELY IF YOU ARE NOT AN AUTHORIZED USER                        #
################################################################################
#!/bin/bash

cd /var/opt/fds/CDR/archive/

grep -l 971520001714 *190527-165* |tac |head -1 > /home/tasuser/sdpfile.txt

exit

[tasuser@meytvvmsdp01 ~]$ #!/bin/bash
[tasuser@meytvvmsdp01 ~]$ 
[tasuser@meytvvmsdp01 ~]$ cd /var/opt/fds/CDR/archive/
[tasuser@meytvvmsdp01 archive]$ 
[tasuser@meytvvmsdp01 archive]$ grep -l 971520001714 *190527-165* |tac |head -1  > /home/tasuser/sdpfile.txt
[tasuser@meytvvmsdp01 archive]$ 
[tasuser@meytvvmsdp01 archive]$ exit
logout

Disconnected channel and session
Connecting SSH to 10.95.214.22 - Please wait for few seconds... 
Successfully Connected to the Host 10.95.214.22 !!!
# investigated and action would be taken appropriately.                        #
#                                                                              #
# LOG OFF IMMEDIATELY IF YOU ARE NOT AN AUTHORIZED USER                        #
################################################################################
#!/bin/bash

cd /home/tasuser

zgrep -l 971520001714 *190527-165* |tac|head -1 > /home/tasuser/Auto/occfile_22.txt

exit

[tasuser@meytvvmocc01 ~]$ #!/bin/bash
[tasuser@meytvvmocc01 ~]$ 
[tasuser@meytvvmocc01 ~]$ cd /home/tasuser
[tasuser@meytvvmocc01 ~]$ 
[tasuser@meytvvmocc01 ~]$ zgrep -l 971520001714 *190527-165* |tac|head -1 > /hom e/tasuser/Auto/occfile_22.txt
[tasuser@meytvvmocc01 ~]$ 
[tasuser@meytvvmocc01 ~]$ exit
logout

Disconnected channel and session
Connecting SSH to 10.95.214.21 - Please wait for few seconds... 
Successfully Connected to the Host 10.95.214.21 !!!
#!/bin/bash

cd /home/tasuser

zgrep -l 971520001714 *190527-165* |tac|head -1 > /home/tasuser/Auto/occfile_21.txt

exit

[tasuser@meydvvmocc02 ~]$ #!/bin/bash
[tasuser@meydvvmocc02 ~]$ 
[tasuser@meydvvmocc02 ~]$ cd /home/tasuser
[tasuser@meydvvmocc02 ~]$ 
[tasuser@meydvvmocc02 ~]$ zgrep -l 971520001714 *190527-165* |tac|head -1 > /hom e/tasuser/Auto/occfile_21.txt
gzip: *190527-165*.gz: No such file or directory
[tasuser@meydvvmocc02 ~]$ 
[tasuser@meydvvmocc02 ~]$ exit
logout

Disconnected channel and session
Connecting SSH to 10.95.214.72 - Please wait for few seconds... 
Successfully Connected to the Host 10.95.214.72 !!!
#!/bin/bash

cd /data/fdp/logs/defaultCircle

sudo more meydvvmcis03_EDR_CISOnline1.csv > /home/VenuReddyGaddam/EDRfile.csv

exit

[VenuReddyGaddam@meydvvmcis03 ~]$ #!/bin/bash
[VenuReddyGaddam@meydvvmcis03 ~]$ 
[VenuReddyGaddam@meydvvmcis03 ~]$ cd /data/fdp/logs/defaultCircle
[VenuReddyGaddam@meydvvmcis03 defaultCircle]$ 
[VenuReddyGaddam@meydvvmcis03 defaultCircle]$ sudo more meydvvmcis03_EDR_CISOnli ne1.csv > /home/VenuReddyGaddam/EDRfile.csv
[VenuReddyGaddam@meydvvmcis03 defaultCircle]$ 
[VenuReddyGaddam@meydvvmcis03 defaultCircle]$ exit
logout

Disconnected channel and session
Connecting SSH to 10.95.214.6 - Please wait for few seconds... 
Successfully Connected to the Host 10.95.214.6 !!!
# investigated and action would be taken appropriately.                        #
#                                                                              #
# LOG OFF IMMEDIATELY IF YOU ARE NOT AN AUTHORIZED USER                        #
################################################################################
#!/bin/bash

cd /var/opt/fds/CDR/archive/

grep -l 971520001714 *190527* |tac |head -1 > /home/tasuser/sdpfile.txt

exit

[tasuser@meytvvmsdp01 ~]$ #!/bin/bash
[tasuser@meytvvmsdp01 ~]$ 
[tasuser@meytvvmsdp01 ~]$ cd /var/opt/fds/CDR/archive/
[tasuser@meytvvmsdp01 archive]$ 
[tasuser@meytvvmsdp01 archive]$ grep -l 971520001714 *190527* |tac |head -1 > /h ome/tasuser/sdpfile.txt
[tasuser@meytvvmsdp01 archive]$ 
[tasuser@meytvvmsdp01 archive]$ exit
logout

Disconnected channel and session
Connecting SSH to 10.95.214.22 - Please wait for few seconds... 
Successfully Connected to the Host 10.95.214.22 !!!

# This service is restricted to authorized users only.                         #
# All activities on this system are logged. Unauthorized access will be fully  #
# investigated and action would be taken appropriately.                        #
#                                                                              #
# LOG OFF IMMEDIATELY IF YOU ARE NOT AN AUTHORIZED USER                        #
################################################################################
#!/bin/bash

cd /home/tasuser

zgrep -l 971520001714 *190527* |tac|head -1 > /home/tasuser/Auto/occfile_22.txt

exit

[tasuser@meytvvmocc01 ~]$ #!/bin/bash
[tasuser@meytvvmocc01 ~]$ 
[tasuser@meytvvmocc01 ~]$ cd /home/tasuser
[tasuser@meytvvmocc01 ~]$ 
[tasuser@meytvvmocc01 ~]$ zgrep -l 971520001714 *190527* |tac|head -1 > /home/ta suser/Auto/occfile_22.txt
[tasuser@meytvvmocc01 ~]$ 
[tasuser@meytvvmocc01 ~]$ exit
logout

Disconnected channel and session
Connecting SSH to 10.95.214.21 - Please wait for few seconds... 
Successfully Connected to the Host 10.95.214.21 !!!
#!/bin/bash

cd /home/tasuser

zgrep -l 971520001714 *190527* |tac|head -1 > /home/tasuser/Auto/occfile_21.txt

exit

[tasuser@meydvvmocc02 ~]$ #!/bin/bash
[tasuser@meydvvmocc02 ~]$ 
[tasuser@meydvvmocc02 ~]$ cd /home/tasuser
[tasuser@meydvvmocc02 ~]$ 
[tasuser@meydvvmocc02 ~]$ zgrep -l 971520001714 *190527* |tac|head -1 > /home/ta suser/Auto/occfile_21.txt
[tasuser@meydvvmocc02 ~]$ 
[tasuser@meydvvmocc02 ~]$ exit
logout

Disconnected channel and session
Connecting SSH to 10.95.214.72 - Please wait for few seconds... 
Successfully Connected to the Host 10.95.214.72 !!!
Last login: Mon May 27 17:01:33 2019 from 10.160.130.18
#!/bin/bash

cd /data/fdp/logs/defaultCircle

sudo more meydvvmcis03_EDR_CISOnline1.csv > /home/VenuReddyGaddam/EDRfile.csv

exit

[VenuReddyGaddam@meydvvmcis03 ~]$ #!/bin/bash
[VenuReddyGaddam@meydvvmcis03 ~]$ 
[VenuReddyGaddam@meydvvmcis03 ~]$ cd /data/fdp/logs/defaultCircle
[VenuReddyGaddam@meydvvmcis03 defaultCircle]$ 
[VenuReddyGaddam@meydvvmcis03 defaultCircle]$ sudo more meydvvmcis03_EDR_CISOnli ne1.csv > /home/VenuReddyGaddam/EDRfile.csv
[VenuReddyGaddam@meydvvmcis03 defaultCircle]$ 
[VenuReddyGaddam@meydvvmcis03 defaultCircle]$ exit
logout

Disconnected channel and session
Connecting SSH to 10.95.214.6 - Please wait for few seconds... 
Successfully Connected to the Host 10.95.214.6 !!!
################################################################################
# Warning! You have entered into a secured area!                               #
# Your IP, Login Time, Username have been noted for auditing purposes.         #
# This service is restricted to authorized users only.                         #
# All activities on this system are logged. Unauthorized access will be fully  #
# investigated and action would be taken appropriately.                        #
#                                                                              #
# LOG OFF IMMEDIATELY IF YOU ARE NOT AN AUTHORIZED USER                        #
################################################################################
#!/bin/bash

cd /var/opt/fds/CDR/archive/

grep -l 971520001714 *190527* |tac |head -1 > /home/tasuser/sdpfile.txt

exit

[tasuser@meytvvmsdp01 ~]$ #!/bin/bash
[tasuser@meytvvmsdp01 ~]$ 
[tasuser@meytvvmsdp01 ~]$ cd /var/opt/fds/CDR/archive/
[tasuser@meytvvmsdp01 archive]$ 

[tasuser@meytvvmsdp01 archive]$ grep -l 971520001714 *190527* |tac |head -1 > /h ome/tasuser/sdpfile.txt
[tasuser@meytvvmsdp01 archive]$ 
[tasuser@meytvvmsdp01 archive]$ exit
logout

Disconnected channel and session
Connecting SSH to 10.95.214.22 - Please wait for few seconds... 
Successfully Connected to the Host 10.95.214.22 !!!
#!/bin/bash

cd /home/tasuser

zgrep -l 971520001714 *190527* |tac|head -1 > /home/tasuser/Auto/occfile_22.txt

exit

[tasuser@meytvvmocc01 ~]$ #!/bin/bash
[tasuser@meytvvmocc01 ~]$ 
[tasuser@meytvvmocc01 ~]$ cd /home/tasuser
[tasuser@meytvvmocc01 ~]$ 
[tasuser@meytvvmocc01 ~]$ zgrep -l 971520001714 *190527* |tac|head -1 > /home/ta suser/Auto/occfile_22.txt
[tasuser@meytvvmocc01 ~]$ 
[tasuser@meytvvmocc01 ~]$ exit
logout

Disconnected channel and session
Connecting SSH to 10.95.214.21 - Please wait for few seconds... 
Successfully Connected to the Host 10.95.214.21 !!!
#!/bin/bash

cd /home/tasuser

zgrep -l 971520001714 *190527* |tac|head -1 > /home/tasuser/Auto/occfile_21.txt

exit

[tasuser@meydvvmocc02 ~]$ #!/bin/bash
[tasuser@meydvvmocc02 ~]$ 
[tasuser@meydvvmocc02 ~]$ cd /home/tasuser
[tasuser@meydvvmocc02 ~]$ 
[tasuser@meydvvmocc02 ~]$ zgrep -l 971520001714 *190527* |tac|head -1 > /home/ta suser/Auto/occfile_21.txt
[tasuser@meydvvmocc02 ~]$ 
[tasuser@meydvvmocc02 ~]$ exit
logout

Disconnected channel and session
Connecting SSH to 10.95.214.72 - Please wait for few seconds... 
Successfully Connected to the Host 10.95.214.72 !!!
Last login: Mon May 27 18:02:17 2019 from 10.160.130.18
#!/bin/bash

cd /data/fdp/logs/defaultCircle

sudo more meydvvmcis03_EDR_CISOnline1.csv > /home/VenuReddyGaddam/EDRfile.csv

exit

[VenuReddyGaddam@meydvvmcis03 ~]$ #!/bin/bash
[VenuReddyGaddam@meydvvmcis03 ~]$ 
[VenuReddyGaddam@meydvvmcis03 ~]$ cd /data/fdp/logs/defaultCircle
[VenuReddyGaddam@meydvvmcis03 defaultCircle]$ 
[VenuReddyGaddam@meydvvmcis03 defaultCircle]$ sudo more meydvvmcis03_EDR_CISOnli ne1.csv > /home/VenuReddyGaddam/EDRfile.csv
[VenuReddyGaddam@meydvvmcis03 defaultCircle]$ 
[VenuReddyGaddam@meydvvmcis03 defaultCircle]$ exit
logout

Disconnected channel and session
Connecting SSH to 10.95.214.6 - Please wait for few seconds... 
Successfully Connected to the Host 10.95.214.6 !!!
#!/bin/bash

cd /var/opt/fds/CDR/archive/

grep -l 971520001714 *190527* |tac |head -1 > /home/tasuser/sdpfile.txt

exit

[tasuser@meytvvmsdp01 ~]$ #!/bin/bash
[tasuser@meytvvmsdp01 ~]$ 
[tasuser@meytvvmsdp01 ~]$ cd /var/opt/fds/CDR/archive/
[tasuser@meytvvmsdp01 archive]$ 
[tasuser@meytvvmsdp01 archive]$ grep -l 971520001714 *190527* |tac |head -1 > /h ome/tasuser/sdpfile.txt
[tasuser@meytvvmsdp01 archive]$ 
[tasuser@meytvvmsdp01 archive]$ exit
logout

Disconnected channel and session
Connecting SSH to 10.95.214.22 - Please wait for few seconds... 
Successfully Connected to the Host 10.95.214.22 !!!
#                                                                              #
# LOG OFF IMMEDIATELY IF YOU ARE NOT AN AUTHORIZED USER                        #
################################################################################
#!/bin/bash

cd /home/tasuser

zgrep -l 971520001714 *190527* |tac|head -1 > /home/tasuser/Auto/occfile_22.txt

exit

[tasuser@meytvvmocc01 ~]$ #!/bin/bash
[tasuser@meytvvmocc01 ~]$ 
[tasuser@meytvvmocc01 ~]$ cd /home/tasuser
[tasuser@meytvvmocc01 ~]$ 
[tasuser@meytvvmocc01 ~]$ zgrep -l 971520001714 *190527* |tac|head -1 > /home/ta suser/Auto/occfile_22.txt
[tasuser@meytvvmocc01 ~]$ 
[tasuser@meytvvmocc01 ~]$ exit
logout

Disconnected channel and session
Connecting SSH to 10.95.214.21 - Please wait for few seconds... 
Successfully Connected to the Host 10.95.214.21 !!!
#!/bin/bash

cd /home/tasuser

zgrep -l 971520001714 *190527* |tac|head -1 > /home/tasuser/Auto/occfile_21.txt

exit

[tasuser@meydvvmocc02 ~]$ #!/bin/bash
[tasuser@meydvvmocc02 ~]$ 
[tasuser@meydvvmocc02 ~]$ cd /home/tasuser
[tasuser@meydvvmocc02 ~]$ 
[tasuser@meydvvmocc02 ~]$ zgrep -l 971520001714 *190527* |tac|head -1 > /home/ta suser/Auto/occfile_21.txt
[tasuser@meydvvmocc02 ~]$ 
[tasuser@meydvvmocc02 ~]$ exit
logout

Disconnected channel and session
Connecting SSH to 10.95.214.72 - Please wait for few seconds... 
Successfully Connected to the Host 10.95.214.72 !!!
Last login: Mon May 27 18:08:19 2019 from 10.160.130.18
#!/bin/bash

cd /data/fdp/logs/defaultCircle

sudo more meydvvmcis03_EDR_CISOnline1.csv > /home/VenuReddyGaddam/EDRfile.csv

exit

[VenuReddyGaddam@meydvvmcis03 ~]$ #!/bin/bash
[VenuReddyGaddam@meydvvmcis03 ~]$ 
[VenuReddyGaddam@meydvvmcis03 ~]$ cd /data/fdp/logs/defaultCircle
[VenuReddyGaddam@meydvvmcis03 defaultCircle]$ 
[VenuReddyGaddam@meydvvmcis03 defaultCircle]$ sudo more meydvvmcis03_EDR_CISOnli ne1.csv > /home/VenuReddyGaddam/EDRfile.csv
[VenuReddyGaddam@meydvvmcis03 defaultCircle]$ 
[VenuReddyGaddam@meydvvmcis03 defaultCircle]$ exit
logout

Disconnected channel and session
Connecting SSH to 10.95.214.6 - Please wait for few seconds... 
Successfully Connected to the Host 10.95.214.6 !!!
Last login: Mon May 27 18:08:08 2019 from 10.160.130.18
################################################################################
# Warning! You have entered into a secured area!                               #
# Your IP, Login Time, Username have been noted for auditing purposes.         #
# This service is restricted to authorized users only.                         #
# All activities on this system are logged. Unauthorized access will be fully  #
# investigated and action would be taken appropriately.                        #
#                                                                              #
# LOG OFF IMMEDIATELY IF YOU ARE NOT AN AUTHORIZED USER                        #
################################################################################
#!/bin/bash

cd /var/opt/fds/CDR/archive/

grep -l 971520001714 *190527* |tac |head -1 > /home/tasuser/sdpfile.txt

exit

[tasuser@meytvvmsdp01 ~]$ #!/bin/bash
[tasuser@meytvvmsdp01 ~]$ 
[tasuser@meytvvmsdp01 ~]$ cd /v
ar/opt/fds/CDR/archive/
[tasuser@meytvvmsdp01 archive]$ 
[tasuser@meytvvmsdp01 archive]$ grep -l 971520001714 *190527* |tac |head -1 > /h ome/tasuser/sdpfile.txt
[tasuser@meytvvmsdp01 archive]$ 
[tasuser@meytvvmsdp01 archive]$ exit
logout

Disconnected channel and session
Connecting SSH to 10.95.214.22 - Please wait for few seconds... 
Successfully Connected to the Host 10.95.214.22 !!!
# Your IP, Login Time, Username has been noted for auditing purposes.          #
# This service is restricted to authorized users only.                         #
# All activities on this system are logged. Unauthorized access will be fully  #
# investigated and action would be taken appropriately.                        #
#                                                                              #
# LOG OFF IMMEDIATELY IF YOU ARE NOT AN AUTHORIZED USER                        #
################################################################################
#!/bin/bash

cd /home/tasuser

zgrep -l 971520001714 *190527* |tac|head -1 > /home/tasuser/Auto/occfile_22.txt

exit

[tasuser@meytvvmocc01 ~]$ #!/bin/bash
[tasuser@meytvvmocc01 ~]$ 
[tasuser@meytvvmocc01 ~]$ cd /home/tasuser
[tasuser@meytvvmocc01 ~]$ 
[tasuser@meytvvmocc01 ~]$ zgrep -l 971520001714 *190527* |tac|head -1 > /home/ta suser/Auto/occfile_22.txt
[tasuser@meytvvmocc01 ~]$ 
[tasuser@meytvvmocc01 ~]$ exit
logout

Disconnected channel and session
Connecting SSH to 10.95.214.21 - Please wait for few seconds... 
Successfully Connected to the Host 10.95.214.21 !!!
Last login: Mon May 27 18:09:22 2019 from 10.160.130.18
################################################################################
# Warning! You have entered into a secured area!                               #
# Your IP, Login Time, Username has been noted for auditing purposes.          #
# This service is restricted to authorized users only.                         #
# All activities on this system are logged. Unauthorized access will be fully  #
# investigated and action would be taken appropriately.                        #
#                                                                              #
# LOG OFF IMMEDIATELY IF YOU ARE NOT AN AUTHORIZED USER                        #
################################################################################
#!/bin/bash

cd /home/tasuser

zgrep -l 971520001714 *190527* |tac|head -1 > /home/tasuser/Auto/occfile_21.txt

exit

[tasuser@meydvvmocc02 ~]$ #!/bin/bash
[tasuser@meydvvmocc02 ~]$ 
[tasuser@meydvvmocc02 ~]$ cd /home/
tasuser
[tasuser@meydvvmocc02 ~]$ 
[tasuser@meydvvmocc02 ~]$ zgrep -l 971520001714 *190527* |tac|head -1 > /home/ta suser/Auto/occfile_21.txt
[tasuser@meydvvmocc02 ~]$ 
[tasuser@meydvvmocc02 ~]$ exit
logout

Disconnected channel and session
Connecting SSH to 10.95.214.72 - Please wait for few seconds... 
Successfully Connected to the Host 10.95.214.72 !!!
#!/bin/bash

cd /data/fdp/logs/defaultCircle

sudo more meydvvmcis03_EDR_CISOnline1.csv > /home/VenuReddyGaddam/EDRfile.csv

exit

[VenuReddyGaddam@meydvvmcis03 ~]$ #!/bin/bash
[VenuReddyGaddam@meydvvmcis03 ~]$ 
[VenuReddyGaddam@meydvvmcis03 ~]$ cd /data/fdp/logs/defaultCircle
[VenuReddyGaddam@meydvvmcis03 defaultCircle]$ 
[VenuReddyGaddam@meydvvmcis03 defaultCircle]$ sudo more meydvvmcis03_EDR_CISOnli ne1.csv > /home/VenuReddyGaddam/EDRfile.csv
[VenuReddyGaddam@meydvvmcis03 defaultCircle]$ 
[VenuReddyGaddam@meydvvmcis03 defaultCircle]$ exit
logout

Disconnected channel and session
Connecting SSH to 10.95.214.6 - Please wait for few seconds... 
Successfully Connected to the Host 10.95.214.6 !!!
#!/bin/bash

cd /var/opt/fds/CDR/archive/

grep -l 971520001714 *190528* |tac |head -1 > /home/tasuser/sdpfile.txt

exit

[tasuser@meytvvmsdp01 ~]$ #!/bin/bash
[tasuser@meytvvmsdp01 ~]$ 
[tasuser@meytvvmsdp01 ~]$ cd /var/opt/fds/CDR/archive/
[tasuser@meytvvmsdp01 archive]$ 
[tasuser@meytvvmsdp01 archive]$ grep -l 971520001714 *190528* |tac |head -1 > /h ome/tasuser/sdpfile.txt
[tasuser@meytvvmsdp01 archive]$ 
[tasuser@meytvvmsdp01 archive]$ exit
logout

Disconnected channel and session
Connecting SSH to 10.95.214.22 - Please wait for few seconds... 
Successfully Connected to the Host 10.95.214.22 !!!
Last login: Tue May 28 11:05:20 2019 from 10.44.75.120
################################################################################
# Warning! You have entered into a secured area!                               #
# Your IP, Login Time, Username has been noted for auditing purposes.          #
# This service is restricted to authorized users only.                         #
# All activities on this system are logged. Unauthorized access will be fully  #
# investigated and action would be taken appropriately.                        #
#                                                                              #
# LOG OFF IMMEDIATELY IF YOU ARE NOT AN AUTHORIZED USER                        #
################################################################################
#!/bin/bash

cd /home/tasuser

zgrep -l 971520001714 *190528* |tac|head -1 > /home/tasuser/Auto/occfile_22.txt

exit

[tasuser@meytvvmocc01 ~]$ #!/bin/bash
[tasuser@meytvvmocc01 ~]$ 
[tasuser@meytvvmocc01 ~]$ cd /home/t
asuser
[tasuser@meytvvmocc01 ~]$ 
[tasuser@meytvvmocc01 ~]$ zgrep -l 971520001714 *190528* |tac|head -1 > /home/ta suser/Auto/occfile_22.txt
[tasuser@meytvvmocc01 ~]$ 
[tasuser@meytvvmocc01 ~]$ exit
logout

Disconnected channel and session
Connecting SSH to 10.95.214.21 - Please wait for few seconds... 
Successfully Connected to the Host 10.95.214.21 !!!
################################################################################
#!/bin/bash

cd /home/tasuser

zgrep -l 971520001714 *190528* |tac|head -1 > /home/tasuser/Auto/occfile_21.txt

exit

[tasuser@meydvvmocc02 ~]$ #!/bin/bash
[tasuser@meydvvmocc02 ~]$ 
[tasuser@meydvvmocc02 ~]$ cd /home/tasuser
[tasuser@meydvvmocc02 ~]$ 
[tasuser@meydvvmocc02 ~]$ zgrep -l 971520001714 *190528* |tac|head -1 > /home/ta suser/Auto/occfile_21.txt
[tasuser@meydvvmocc02 ~]$ 
[tasuser@meydvvmocc02 ~]$ exit
logout

Disconnected channel and session
Connecting SSH to 10.95.214.72 - Please wait for few seconds... 
Successfully Connected to the Host 10.95.214.72 !!!
Last login: Tue May 28 11:25:55 2019 from 10.160.130.18
#!/bin/bash

cd /data/fdp/logs/defaultCircle

sudo more meydvvmcis03_EDR_CISOnline1.csv > /home/VenuReddyGaddam/EDRfile.csv

exit

[VenuReddyGaddam@meydvvmcis03 ~]$ #!/bin/bash
[VenuReddyGaddam@meydvvmcis03 ~]$ 
[VenuReddyGaddam@meydvvmcis03 ~]$ cd /data/fdp/logs/defaultCircle
[VenuReddyGaddam@meydvvmcis03 defaultCircle]$ 
[VenuReddyGaddam@meydvvmcis03 defaultCircle]$ sudo more meydvvmcis03_EDR_CISOnli ne1.csv > /home/VenuReddyGaddam/EDRfile.csv
[VenuReddyGaddam@meydvvmcis03 defaultCircle]$ 
[VenuReddyGaddam@meydvvmcis03 defaultCircle]$ exit
logout

Disconnected channel and session
Connecting SSH to 10.95.214.6 - Please wait for few seconds... 
Successfully Connected to the Host 10.95.214.6 !!!
################################################################################
# Warning! You have entered into a secured area!                               #
# Your IP, Login Time, Username have been noted for auditing purposes.         #
# This service is restricted to authorized users only.                         #
# All activities on this system are logged. Unauthorized access will be fully  #
# investigated and action would be taken appropriately.                        #
#                                                                              #
# LOG OFF IMMEDIATELY IF YOU ARE NOT AN AUTHORIZED USER                        #
################################################################################
#!/bin/bash

cd /var/opt/fds/CDR/archive/

grep -l 971520001714 *190528* |tac |head -1 > /home/tasuser/sdpfile.txt

exit

[tasuser@meytvvmsdp01 ~]$ #!/bin/bash
[tasuser@meytvvmsdp01 ~]$ 
[tasuser@meytvvmsdp01 ~]$ cd /var/opt/fds/CDR/archive/
[tasuser@meytvvmsdp01 archive]$ 

[tasuser@meytvvmsdp01 archive]$ grep -l 971520001714 *190528* |tac |head -1 > /h ome/tasuser/sdpfile.txt
[tasuser@meytvvmsdp01 archive]$ 
[tasuser@meytvvmsdp01 archive]$ exit
logout

Disconnected channel and session
Connecting SSH to 10.95.214.22 - Please wait for few seconds... 
Successfully Connected to the Host 10.95.214.22 !!!
#!/bin/bash

cd /home/tasuser

zgrep -l 971520001714 *190528* |tac|head -1 > /home/tasuser/Auto/occfile_22.txt

exit

[tasuser@meytvvmocc01 ~]$ #!/bin/bash
[tasuser@meytvvmocc01 ~]$ 
[tasuser@meytvvmocc01 ~]$ cd /home/tasuser
[tasuser@meytvvmocc01 ~]$ 
[tasuser@meytvvmocc01 ~]$ zgrep -l 971520001714 *190528* |tac|head -1 > /home/ta suser/Auto/occfile_22.txt
[tasuser@meytvvmocc01 ~]$ 
[tasuser@meytvvmocc01 ~]$ exit
logout

Disconnected channel and session
Connecting SSH to 10.95.214.21 - Please wait for few seconds... 
Successfully Connected to the Host 10.95.214.21 !!!
# Your IP, Login Time, Username has been noted for auditing purposes.          #
# This service is restricted to authorized users only.                         #
# All activities on this system are logged. Unauthorized access will be fully  #
# investigated and action would be taken appropriately.                        #
#                                                                              #
# LOG OFF IMMEDIATELY IF YOU ARE NOT AN AUTHORIZED USER                        #
################################################################################
#!/bin/bash

cd /home/tasuser

zgrep -l 971520001714 *190528* |tac|head -1 > /home/tasuser/Auto/occfile_21.txt

exit

[tasuser@meydvvmocc02 ~]$ #!/bin/bash
[tasuser@meydvvmocc02 ~]$ 
[tasuser@meydvvmocc02 ~]$ cd /home/tasuser
[tasuser@meydvvmocc02 ~]$ 
[tasuser@meydvvmocc02 ~]$ zgrep -l 971520001714 *190528* |tac|head -1 > /home/ta suser/Auto/occfile_21.txt
[tasuser@meydvvmocc02 ~]$ 
[tasuser@meydvvmocc02 ~]$ exit
logout

Disconnected channel and session
Connecting SSH to 10.95.214.72 - Please wait for few seconds... 
Successfully Connected to the Host 10.95.214.72 !!!
Last login: Tue May 28 12:04:46 2019 from 10.160.130.18
#!/bin/bash

cd /data/fdp/logs/defaultCircle

sudo more meydvvmcis03_EDR_CISOnline1.csv > /home/VenuReddyGaddam/EDRfile.csv

exit

[VenuReddyGaddam@meydvvmcis03 ~]$ #!/bin/bash
[VenuReddyGaddam@meydvvmcis03 ~]$ 
[VenuReddyGaddam@meydvvmcis03 ~]$ cd /data/fdp/logs/defaultCircle
[VenuReddyGaddam@meydvvmcis03 defaultCircle]$ 
[VenuReddyGaddam@meydvvmcis03 defaultCircle]$ sudo more meydvvmcis03_EDR_CISOnli ne1.csv > /home/VenuReddyGaddam/EDRfile.csv
[VenuReddyGaddam@meydvvmcis03 defaultCircle]$ 
[VenuReddyGaddam@meydvvmcis03 defaultCircle]$ exit
logout

Disconnected channel and session
Connecting SSH to 10.95.214.6 - Please wait for few seconds... 
Successfully Connected to the Host 10.95.214.6 !!!
################################################################################
# Warning! You have entered into a secured area!                               #
# Your IP, Login Time, Username have been noted for auditing purposes.         #
# This service is restricted to authorized users only.                         #
# All activities on this system are logged. Unauthorized access will be fully  #
# investigated and action would be taken appropriately.                        #
#                                                                              #
# LOG OFF IMMEDIATELY IF YOU ARE NOT AN AUTHORIZED USER                        #
################################################################################
#!/bin/bash

cd /var/opt/fds/CDR/archive/

grep -l 971520001714 *190528* |tac |head -1 > /home/tasuser/sdpfile.txt

exit

[tasuser@meytvvmsdp01 ~]$ #!/bin/bash
[tasuser@meytvvmsdp01 ~]$ 
[tasuser@meytvvmsdp01 ~]$ cd /var/opt/fds/CDR/archive/
[tasuser@meytvvmsdp01 archive]$ 

[tasuser@meytvvmsdp01 archive]$ grep -l 971520001714 *190528* |tac |head -1 > /h ome/tasuser/sdpfile.txt
[tasuser@meytvvmsdp01 archive]$ 
[tasuser@meytvvmsdp01 archive]$ exit
logout

Disconnected channel and session
Connecting SSH to 10.95.214.22 - Please wait for few seconds... 
Successfully Connected to the Host 10.95.214.22 !!!
#!/bin/bash

cd /home/tasuser

zgrep -l 971520001714 *190528* |tac|head -1 > /home/tasuser/Auto/occfile_22.txt

exit

[tasuser@meytvvmocc01 ~]$ #!/bin/bash
[tasuser@meytvvmocc01 ~]$ 
[tasuser@meytvvmocc01 ~]$ cd /home/tasuser
[tasuser@meytvvmocc01 ~]$ 
[tasuser@meytvvmocc01 ~]$ zgrep -l 971520001714 *190528* |tac|head -1 > /home/ta suser/Auto/occfile_22.txt
[tasuser@meytvvmocc01 ~]$ 
[tasuser@meytvvmocc01 ~]$ exit
logout

Disconnected channel and session
Connecting SSH to 10.95.214.21 - Please wait for few seconds... 
Successfully Connected to the Host 10.95.214.21 !!!
#!/bin/bash

cd /home/tasuser

zgrep -l 971520001714 *190528* |tac|head -1 > /home/tasuser/Auto/occfile_21.txt

exit

[tasuser@meydvvmocc02 ~]$ #!/bin/bash
[tasuser@meydvvmocc02 ~]$ 
[tasuser@meydvvmocc02 ~]$ cd /home/tasuser
[tasuser@meydvvmocc02 ~]$ 
[tasuser@meydvvmocc02 ~]$ zgrep -l 971520001714 *190528* |tac|head -1 > /home/ta suser/Auto/occfile_21.txt
[tasuser@meydvvmocc02 ~]$ 
[tasuser@meydvvmocc02 ~]$ exit
logout

Disconnected channel and session
Connecting SSH to 10.95.214.72 - Please wait for few seconds... 
Successfully Connected to the Host 10.95.214.72 !!!
Last login: Tue May 28 12:19:42 2019 from 10.160.130.18
#!/bin/bash

cd /data/fdp/logs/defaultCircle

sudo more meydvvmcis03_EDR_CISOnline1.csv > /home/VenuReddyGaddam/EDRfile.csv

exit

[VenuReddyGaddam@meydvvmcis03 ~]$ #!/bin/bash
[VenuReddyGaddam@meydvvmcis03 ~]$ 
[VenuReddyGaddam@meydvvmcis03 ~]$ cd /data/fdp/logs/defaultCircle
[VenuReddyGaddam@meydvvmcis03 defaultCircle]$ 
[VenuReddyGaddam@meydvvmcis03 defaultCircle]$ sudo more meydvvmcis03_EDR_CISOnli ne1.csv > /home/VenuReddyGaddam/EDRfile.csv
[VenuReddyGaddam@meydvvmcis03 defaultCircle]$ 
[VenuReddyGaddam@meydvvmcis03 defaultCircle]$ exit
logout

Disconnected channel and session
Connecting SSH to 10.95.214.6 - Please wait for few seconds... 
Successfully Connected to the Host 10.95.214.6 !!!

# Warning! You have entered into a secured area!                               #
# Your IP, Login Time, Username have been noted for auditing purposes.         #
# This service is restricted to authorized users only.                         #
# All activities on this system are logged. Unauthorized access will be fully  #
# investigated and action would be taken appropriately.                        #
#                                                                              #
# LOG OFF IMMEDIATELY IF YOU ARE NOT AN AUTHORIZED USER                        #
################################################################################
#!/bin/bash

cd /var/opt/fds/CDR/archive/

grep -l 971520001714 *190528* |tac |head -1 > /home/tasuser/sdpfile.txt

exit

[tasuser@meytvvmsdp01 ~]$ #!/bin/bash
[tasuser@meytvvmsdp01 ~]$ 
[tasuser@meytvvmsdp01 ~]$ cd /var/opt/fds/CDR/archive/
[tasuser@meytvvmsdp01 archive]$ 
[tasuser@meytvvmsdp01 archive]$ grep -l 971520001714 *190528* |tac |head -1 > /
h ome/tasuser/sdpfile.txt
[tasuser@meytvvmsdp01 archive]$ 
[tasuser@meytvvmsdp01 archive]$ exit
logout

Disconnected channel and session
Connecting SSH to 10.95.214.22 - Please wait for few seconds... 
Successfully Connected to the Host 10.95.214.22 !!!

# Warning! You have entered into a secured area!                               #
# Your IP, Login Time, Username has been noted for auditing purposes.          #
# This service is restricted to authorized users only.                         #
# All activities on this system are logged. Unauthorized access will be fully  #
# investigated and action would be taken appropriately.                        #
#                                                                              #
# LOG OFF IMMEDIATELY IF YOU ARE NOT AN AUTHORIZED USER                        #
################################################################################
#!/bin/bash

cd /home/tasuser

zgrep -l 971520001714 *190528* |tac|head -1 > /home/tasuser/Auto/occfile_22.txt

exit

[tasuser@meytvvmocc01 ~]$ #!/bin/bash
[tasuser@meytvvmocc01 ~]$ 
[tasuser@meytvvmocc01 ~]$ cd /home/tasuser
[tasuser@meytvvmocc01 ~]$ 
[tasuser@meytvvmocc01 ~]$ zgrep -l 971520001714 *190528* |tac|head -1 > /home/ta suser/Auto/occfile_
22.txt
[tasuser@meytvvmocc01 ~]$ 
[tasuser@meytvvmocc01 ~]$ exit
logout

Disconnected channel and session
Connecting SSH to 10.95.214.21 - Please wait for few seconds... 
Successfully Connected to the Host 10.95.214.21 !!!
# LOG OFF IMMEDIATELY IF YOU ARE NOT AN AUTHORIZED USER                        #
################################################################################
#!/bin/bash

cd /home/tasuser

zgrep -l 971520001714 *190528* |tac|head -1 > /home/tasuser/Auto/occfile_21.txt

exit

[tasuser@meydvvmocc02 ~]$ #!/bin/bash
[tasuser@meydvvmocc02 ~]$ 
[tasuser@meydvvmocc02 ~]$ cd /home/tasuser
[tasuser@meydvvmocc02 ~]$ 
[tasuser@meydvvmocc02 ~]$ zgrep -l 971520001714 *190528* |tac|head -1 > /home/ta suser/Auto/occfile_21.txt
[tasuser@meydvvmocc02 ~]$ 
[tasuser@meydvvmocc02 ~]$ exit
logout

Disconnected channel and session
Connecting SSH to 10.95.214.22 - Please wait for few seconds... 
Successfully Connected to the Host 10.95.214.22 !!!
#!/bin/bash

cd /home/tasuser

zgrep -l 971520001714 *190528* |tac|head -1 > /home/tasuser/Auto/occfile_22.txt

exit

[tasuser@meytvvmocc01 ~]$ #!/bin/bash
[tasuser@meytvvmocc01 ~]$ 
[tasuser@meytvvmocc01 ~]$ cd /home/tasuser
[tasuser@meytvvmocc01 ~]$ 
[tasuser@meytvvmocc01 ~]$ zgrep -l 971520001714 *190528* |tac|head -1 > /home/ta suser/Auto/occfile_22.txt
[tasuser@meytvvmocc01 ~]$ 
[tasuser@meytvvmocc01 ~]$ exit
logout

Disconnected channel and session
Connecting SSH to 10.95.214.21 - Please wait for few seconds... 
Successfully Connected to the Host 10.95.214.21 !!!
#!/bin/bash

cd /home/tasuser

zgrep -l 971520001714 *190528* |tac|head -1 > /home/tasuser/Auto/occfile_21.txt

exit

[tasuser@meydvvmocc02 ~]$ #!/bin/bash
[tasuser@meydvvmocc02 ~]$ 
[tasuser@meydvvmocc02 ~]$ cd /home/tasuser
[tasuser@meydvvmocc02 ~]$ 
[tasuser@meydvvmocc02 ~]$ zgrep -l 971520001714 *190528* |tac|head -1 > /home/ta suser/Auto/occfile_21.txt
[tasuser@meydvvmocc02 ~]$ 
[tasuser@meydvvmocc02 ~]$ exit
logout

Disconnected channel and session
Connecting SSH to 10.95.214.72 - Please wait for few seconds... 
Successfully Connected to the Host 10.95.214.72 !!!
Last login: Tue May 28 12:31:35 2019 from 10.160.130.18
#!/bin/bash

cd /data/fdp/logs/defaultCircle

sudo more meydvvmcis03_EDR_CISOnline1.csv > /home/VenuReddyGaddam/EDRfile.csv

exit

[VenuReddyGaddam@meydvvmcis03 ~]$ #!/bin/bash
[VenuReddyGaddam@meydvvmcis03 ~]$ 
[VenuReddyGaddam@meydvvmcis03 ~]$ cd /data/fdp/logs/defaultCircle
[VenuReddyGaddam@meydvvmcis03 defaultCircle]$ 
[VenuReddyGaddam@meydvvmcis03 defaultCircle]$ sudo more meydvvmcis03_EDR_CISOnli ne1.csv > /home/VenuReddyGaddam/EDRfile.csv
[VenuReddyGaddam@meydvvmcis03 defaultCircle]$ 
[VenuReddyGaddam@meydvvmcis03 defaultCircle]$ exit
logout

Disconnected channel and session
Connecting SSH to 10.95.214.72 - Please wait for few seconds... 
Successfully Connected to the Host 10.95.214.72 !!!
Last login: Tue May 28 14:04:57 2019 from 10.160.130.18
#!/bin/bash

cd /data/fdp/logs/defaultCircle

sudo more meydvvmcis03_EDR_CISOnline1.csv > /home/VenuReddyGaddam/EDRfile190528-145.csv

exit

[VenuReddyGaddam@meydvvmcis03 ~]$ #!/bin/bash
[VenuReddyGaddam@meydvvmcis03 ~]$ 
[VenuReddyGaddam@meydvvmcis03 ~]$ cd /data/fdp/logs/defaultCircle
[VenuReddyGaddam@meydvvmcis03 defaultCircle]$ 
[VenuReddyGaddam@meydvvmcis03 defaultCircle]$ sudo more meydvvmcis03_EDR_CISOnli ne1.csv > /home/VenuReddyGaddam/EDRfile190528-145.csv
[VenuReddyGaddam@meydvvmcis03 defaultCircle]$ 
[VenuReddyGaddam@meydvvmcis03 defaultCircle]$ exit
logout

Disconnected channel and session
Connecting SSH to 10.95.214.72 - Please wait for few seconds... 
Successfully Connected to the Host 10.95.214.72 !!!
Last login: Tue May 28 14:23:01 2019 from 10.160.130.18
#!/bin/bash

cd /data/fdp/logs/defaultCircle

sudo more meydvvmcis03_EDR_CISOnline1.csv > /home/VenuReddyGaddam/EDRfile190528-145.csv

exit

[VenuReddyGaddam@meydvvmcis03 ~]$ #!/bin/bash
[VenuReddyGaddam@meydvvmcis03 ~]$ 
[VenuReddyGaddam@meydvvmcis03 ~]$ cd /data/fdp/logs/defaultCircle
[VenuReddyGaddam@meydvvmcis03 defaultCircle]$ 
[VenuReddyGaddam@meydvvmcis03 defaultCircle]$ sudo more meydvvmcis03_EDR_CISOnli ne1.csv > /home/VenuReddyGaddam/EDRfile190528-145.csv
[VenuReddyGaddam@meydvvmcis03 defaultCircle]$ 
[VenuReddyGaddam@meydvvmcis03 defaultCircle]$ exit
logout

Disconnected channel and session
Connecting SSH to 10.95.214.72 - Please wait for few seconds... 
Successfully Connected to the Host 10.95.214.72 !!!
#!/bin/bash

cd /data/fdp/logs/defaultCircle

sudo more meydvvmcis03_EDR_CISOnline1.csv > /home/VenuReddyGaddam/EDRfile190528-145.csv

exit

[VenuReddyGaddam@meydvvmcis03 ~]$ #!/bin/bash
[VenuReddyGaddam@meydvvmcis03 ~]$ 
[VenuReddyGaddam@meydvvmcis03 ~]$ cd /data/fdp/logs/defaultCircle
[VenuReddyGaddam@meydvvmcis03 defaultCircle]$ 
[VenuReddyGaddam@meydvvmcis03 defaultCircle]$ sudo more meydvvmcis03_EDR_CISOnli ne1.csv > /home/VenuReddyGaddam/EDRfile190528-145.csv
[VenuReddyGaddam@meydvvmcis03 defaultCircle]$ 
[VenuReddyGaddam@meydvvmcis03 defaultCircle]$ exit
logout

Disconnected channel and session
Connecting SSH to 10.95.214.72 - Please wait for few seconds... 
Successfully Connected to the Host 10.95.214.72 !!!
Last login: Tue May 28 14:30:33 2019 from 10.160.130.18
#!/bin/bash

cd /data/fdp/logs/defaultCircle

sudo more meydvvmcis03_EDR_CISOnline1.csv > /home/VenuReddyGaddam/EDRfile190528-1434.csv

exit

[VenuReddyGaddam@meydvvmcis03 ~]$ #!/bin/bash
[VenuReddyGaddam@meydvvmcis03 ~]$ 
[VenuReddyGaddam@meydvvmcis03 ~]$ cd /data/fdp/logs/defaultCircle
[VenuReddyGaddam@meydvvmcis03 defaultCircle]$ 
[VenuReddyGaddam@meydvvmcis03 defaultCircle]$ sudo more meydvvmcis03_EDR_CISOnli ne1.csv > /home/VenuReddyGaddam/EDRfile190528-1434.csv
[VenuReddyGaddam@meydvvmcis03 defaultCircle]$ 
[VenuReddyGaddam@meydvvmcis03 defaultCircle]$ exit
logout

Disconnected channel and session
Connecting SSH to 10.95.214.6 - Please wait for few seconds... 
Successfully Connected to the Host 10.95.214.6 !!!
#!/bin/bash

cd /var/opt/fds/CDR/archive/

grep -l 971520002069 *20190528-1434* |tac |head -1 > /home/tasuser/sdpfile.txt

exit

[tasuser@meytvvmsdp01 ~]$ #!/bin/bash
[tasuser@meytvvmsdp01 ~]$ 
[tasuser@meytvvmsdp01 ~]$ cd /var/opt/fds/CDR/archive/
[tasuser@meytvvmsdp01 archive]$ 
[tasuser@meytvvmsdp01 archive]$ grep -l 971520002069 *20190528-1434* |tac |head  -1 > /home/tasuser/sdpfile.txt
[tasuser@meytvvmsdp01 archive]$ 
[tasuser@meytvvmsdp01 archive]$ exit
logout

Disconnected channel and session
Connecting SSH to 10.95.214.22 - Please wait for few seconds... 
Successfully Connected to the Host 10.95.214.22 !!!

################################################################################
#!/bin/bash

cd /home/tasuser

zgrep -l 971520002069 *190528-1434* |tac|head -1 > /home/tasuser/Auto/occfile_22.txt

exit

[tasuser@meytvvmocc01 ~]$ #!/bin/bash
[tasuser@meytvvmocc01 ~]$ 
[tasuser@meytvvmocc01 ~]$ cd /home/tasuser
[tasuser@meytvvmocc01 ~]$ 
[tasuser@meytvvmocc01 ~]$ zgrep -l 971520002069 *190528-1434* |tac|head -1 > /ho me/tasuser/Auto/occfile_22.txt
[tasuser@meytvvmocc01 ~]$ 
[tasuser@meytvvmocc01 ~]$ exit
logout

Disconnected channel and session
Connecting SSH to 10.95.214.21 - Please wait for few seconds... 
Successfully Connected to the Host 10.95.214.21 !!!
# All activities on this system are logged. Unauthorized access will be fully  #
# investigated and action would be taken appropriately.                        #
#                                                                              #
# LOG OFF IMMEDIATELY IF YOU ARE NOT AN AUTHORIZED USER                        #
################################################################################
#!/bin/bash

cd /home/tasuser

zgrep -l 971520002069 *190528-1434* |tac|head -1 > /home/tasuser/Auto/occfile_21.txt

exit

[tasuser@meydvvmocc02 ~]$ #!/bin/bash
[tasuser@meydvvmocc02 ~]$ 
[tasuser@meydvvmocc02 ~]$ cd /home/tasuser
[tasuser@meydvvmocc02 ~]$ 
[tasuser@meydvvmocc02 ~]$ zgrep -l 971520002069 *190528-1434* |tac|head -1 > /ho me/tasuser/Auto/occfile_21.txt
gzip: *190528-1434*.gz: No such file or directory
[tasuser@meydvvmocc02 ~]$ 
[tasuser@meydvvmocc02 ~]$ exit
logout

Disconnected channel and session
Connecting SSH to 10.95.214.72 - Please wait for few seconds... 
Successfully Connected to the Host 10.95.214.72 !!!
Last login: Tue May 28 14:34:42 2019 from 10.160.130.18
#!/bin/bash

cd /data/fdp/logs/defaultCircle

sudo more meydvvmcis03_EDR_CISOnline1.csv > /home/VenuReddyGaddam/EDRfile190528-14.csv

exit

[VenuReddyGaddam@meydvvmcis03 ~]$ #!/bin/bash
[VenuReddyGaddam@meydvvmcis03 ~]$ 
[VenuReddyGaddam@meydvvmcis03 ~]$ cd /data/fdp/logs/defaultCircle
[VenuReddyGaddam@meydvvmcis03 defaultCircle]$ 
[VenuReddyGaddam@meydvvmcis03 defaultCircle]$ sudo more meydvvmcis03_EDR_CISOnli ne1.csv > /home/VenuReddyGaddam/EDRfile190528-14.csv
[VenuReddyGaddam@meydvvmcis03 defaultCircle]$ 
[VenuReddyGaddam@meydvvmcis03 defaultCircle]$ exit
logout

Disconnected channel and session
Connecting SSH to 10.95.214.6 - Please wait for few seconds... 
Successfully Connected to the Host 10.95.214.6 !!!
################################################################################
# Warning! You have entered into a secured area!                               #
# Your IP, Login Time, Username have been noted for auditing purposes.         #
# This service is restricted to authorized users only.                         #
# All activities on this system are logged. Unauthorized access will be fully  #
# investigated and action would be taken appropriately.                        #
#                                                                              #
# LOG OFF IMMEDIATELY IF YOU ARE NOT AN AUTHORIZED USER                        #
################################################################################
#!/bin/bash

cd /var/opt/fds/CDR/archive/

grep -l 971520002069 *20190528-14* |tac |head -1 > /home/tasuser/sdpfile.txt

exit

[tasuser@meytvvmsdp01 ~]$ #!/bin/bash
[tasuser@meytvvmsdp01 ~]$ 
[tasuser@meytvvmsdp01 ~]$ cd /var/opt/fds/CDR/archive/
[tasuser@meytvvmsdp01 archiv
e]$ 
[tasuser@meytvvmsdp01 archive]$ grep -l 971520002069 *20190528-14* |tac |head -1  > /home/tasuser/sdpfile.txt
[tasuser@meytvvmsdp01 archive]$ 
[tasuser@meytvvmsdp01 archive]$ exit
logout

Disconnected channel and session
Connecting SSH to 10.95.214.22 - Please wait for few seconds... 
Successfully Connected to the Host 10.95.214.22 !!!
#!/bin/bash

cd /home/tasuser

zgrep -l 971520002069 *190528-14* |tac|head -1 > /home/tasuser/Auto/occfile_22.txt

exit

[tasuser@meytvvmocc01 ~]$ #!/bin/bash
[tasuser@meytvvmocc01 ~]$ 
[tasuser@meytvvmocc01 ~]$ cd /home/tasuser
[tasuser@meytvvmocc01 ~]$ 
[tasuser@meytvvmocc01 ~]$ zgrep -l 971520002069 *190528-14* |tac|head -1 > /home /tasuser/Auto/occfile_22.txt
[tasuser@meytvvmocc01 ~]$ 
[tasuser@meytvvmocc01 ~]$ exit
logout

Disconnected channel and session
Connecting SSH to 10.95.214.21 - Please wait for few seconds... 
Successfully Connected to the Host 10.95.214.21 !!!
#!/bin/bash

cd /home/tasuser

zgrep -l 971520002069 *190528-14* |tac|head -1 > /home/tasuser/Auto/occfile_21.txt

exit

[tasuser@meydvvmocc02 ~]$ #!/bin/bash
[tasuser@meydvvmocc02 ~]$ 
[tasuser@meydvvmocc02 ~]$ cd /home/tasuser
[tasuser@meydvvmocc02 ~]$ 
[tasuser@meydvvmocc02 ~]$ zgrep -l 971520002069 *190528-14* |tac|head -1 > /home /tasuser/Auto/occfile_21.txt
[tasuser@meydvvmocc02 ~]$ 
[tasuser@meydvvmocc02 ~]$ exit
logout

Disconnected channel and session
Connecting SSH to 10.95.214.72 - Please wait for few seconds... 
Successfully Connected to the Host 10.95.214.72 !!!
Last login: Tue May 28 14:47:20 2019 from 10.160.130.18
#!/bin/bash

cd /data/fdp/logs/defaultCircle

sudo more meydvvmcis03_EDR_CISOnline1.csv > /home/VenuReddyGaddam/EDRfile19052815.csv

exit

[VenuReddyGaddam@meydvvmcis03 ~]$ #!/bin/bash
[VenuReddyGaddam@meydvvmcis03 ~]$ 
[VenuReddyGaddam@meydvvmcis03 ~]$ cd /data/fdp/logs/defaultCircle
[VenuReddyGaddam@meydvvmcis03 defaultCircle]$ 
[VenuReddyGaddam@meydvvmcis03 defaultCircle]$ sudo more meydvvmcis03_EDR_CISOnli ne1.csv > /home/VenuReddyGaddam/EDRfile19052815.csv
[VenuReddyGaddam@meydvvmcis03 defaultCircle]$ 
[VenuReddyGaddam@meydvvmcis03 defaultCircle]$ exit
logout

Disconnected channel and session
Connecting SSH to 10.95.214.72 - Please wait for few seconds... 
Successfully Connected to the Host 10.95.214.72 !!!
Last login: Tue May 28 15:02:55 2019 from 10.160.130.18
#!/bin/bash

cd /data/fdp/logs/defaultCircle

sudo more meydvvmcis03_EDR_CISOnline1.csv > /home/VenuReddyGaddam/EDRfile190528-15.csv

exit

[VenuReddyGaddam@meydvvmcis03 ~]$ #!/bin/bash
[VenuReddyGaddam@meydvvmcis03 ~]$ 
[VenuReddyGaddam@meydvvmcis03 ~]$ cd /data/fdp/logs/defaultCircle
[VenuReddyGaddam@meydvvmcis03 defaultCircle]$ 
[VenuReddyGaddam@meydvvmcis03 defaultCircle]$ sudo more meydvvmcis03_EDR_CISOnli ne1.csv > /home/VenuReddyGaddam/EDRfile190528-15.csv
[VenuReddyGaddam@meydvvmcis03 defaultCircle]$ 
[VenuReddyGaddam@meydvvmcis03 defaultCircle]$ exit
logout

Disconnected channel and session
Connecting SSH to 10.95.214.6 - Please wait for few seconds... 
Successfully Connected to the Host 10.95.214.6 !!!
Last login: Tue May 28 14:49:44 2019 from 10.160.130.18
################################################################################
# Warning! You have entered into a secured area!                               #
# Your IP, Login Time, Username have been noted for auditing purposes.         #
# This service is restricted to authorized users only.                         #
# All activities on this system are logged. Unauthorized access will be fully  #
# investigated and action would be taken appropriately.                        #
#                                                                              #
# LOG OFF IMMEDIATELY IF YOU ARE NOT AN AUTHORIZED USER                        #
################################################################################
#!/bin/bash

cd /var/opt/fds/CDR/archive/

grep -l 971520002069 *20190528-15* |tac |head -1 > /home/tasuser/sdpfile.txt

exit

[tasuser@meytvvmsdp01 ~]$ #!/bin/bash
[tasuser@meytvvmsdp01 ~]$ 
[tasuser@meytvvmsdp01 ~]$ 
cd /var/opt/fds/CDR/archive/
[tasuser@meytvvmsdp01 archive]$ 
[tasuser@meytvvmsdp01 archive]$ grep -l 971520002069 *20190528-15* |tac |head -1  > /home/tasuser/sdpfile.txt
[tasuser@meytvvmsdp01 archive]$ 
[tasuser@meytvvmsdp01 archive]$ exit
logout

Disconnected channel and session
Connecting SSH to 10.95.214.22 - Please wait for few seconds... 
Successfully Connected to the Host 10.95.214.22 !!!
#!/bin/bash

cd /home/tasuser

zgrep -l 971520002069 *190528-15* |tac|head -1 > /home/tasuser/Auto/occfile_22.txt

exit

[tasuser@meytvvmocc01 ~]$ #!/bin/bash
[tasuser@meytvvmocc01 ~]$ 
[tasuser@meytvvmocc01 ~]$ cd /home/tasuser
[tasuser@meytvvmocc01 ~]$ 
[tasuser@meytvvmocc01 ~]$ zgrep -l 971520002069 *190528-15* |tac|head -1 > /home /tasuser/Auto/occfile_22.txt
[tasuser@meytvvmocc01 ~]$ 
[tasuser@meytvvmocc01 ~]$ exit
logout

Disconnected channel and session
Connecting SSH to 10.95.214.21 - Please wait for few seconds... 
Successfully Connected to the Host 10.95.214.21 !!!
Last login: Tue May 28 14:50:48 2019 from 10.160.130.18
################################################################################
# Warning! You have entered into a secured area!                               #
# Your IP, Login Time, Username has been noted for auditing purposes.          #
# This service is restricted to authorized users only.                         #
# All activities on this system are logged. Unauthorized access will be fully  #
# investigated and action would be taken appropriately.                        #
#                                                                              #
# LOG OFF IMMEDIATELY IF YOU ARE NOT AN AUTHORIZED USER                        #
################################################################################
#!/bin/bash

cd /home/tasuser

zgrep -l 971520002069 *190528-15* |tac|head -1 > /home/tasuser/Auto/occfile_21.txt

exit

[tasuser@meydvvmocc02 ~]$ #!/bin/bash
[tasuser@meydvvmocc02 ~]$ 
[tasuser@meydvvmocc02 ~]$ cd /ho
me/tasuser
[tasuser@meydvvmocc02 ~]$ 
[tasuser@meydvvmocc02 ~]$ zgrep -l 971520002069 *190528-15* |tac|head -1 > /home /tasuser/Auto/occfile_21.txt
[tasuser@meydvvmocc02 ~]$ 
[tasuser@meydvvmocc02 ~]$ exit
logout

Disconnected channel and session
Connecting SSH to 10.95.214.72 - Please wait for few seconds... 
Successfully Connected to the Host 10.95.214.72 !!!
Last login: Tue May 28 15:06:56 2019 from 10.160.130.18
#!/bin/bash

cd /data/fdp/logs/defaultCircle

sudo more meydvvmcis03_EDR_CISOnline1.csv > /home/VenuReddyGaddam/EDRfile190528-152.csv

exit

[VenuReddyGaddam@meydvvmcis03 ~]$ #!/bin/bash
[VenuReddyGaddam@meydvvmcis03 ~]$ 
[VenuReddyGaddam@meydvvmcis03 ~]$ cd /data/fdp/logs/defaultCircle
[VenuReddyGaddam@meydvvmcis03 defaultCircle]$ 
[VenuReddyGaddam@meydvvmcis03 defaultCircle]$ sudo more meydvvmcis03_EDR_CISOnli ne1.csv > /home/VenuReddyGaddam/EDRfile190528-152.csv
[VenuReddyGaddam@meydvvmcis03 defaultCircle]$ 
[VenuReddyGaddam@meydvvmcis03 defaultCircle]$ exit
logout

Disconnected channel and session
Connecting SSH to 10.95.214.6 - Please wait for few seconds... 
Successfully Connected to the Host 10.95.214.6 !!!
################################################################################
# Warning! You have entered into a secured area!                               #
# Your IP, Login Time, Username have been noted for auditing purposes.         #
# This service is restricted to authorized users only.                         #
# All activities on this system are logged. Unauthorized access will be fully  #
# investigated and action would be taken appropriately.                        #
#                                                                              #
# LOG OFF IMMEDIATELY IF YOU ARE NOT AN AUTHORIZED USER                        #
################################################################################
#!/bin/bash

cd /var/opt/fds/CDR/archive/

grep -l 971520002069 *20190528-152* |tac |head -1 > /home/tasuser/sdpfile.txt

exit

[tasuser@meytvvmsdp01 ~]$ #!/bin/bash
[tasuser@meytvvmsdp01 ~]$ 
[tasuser@meytvvmsdp01 ~]$ cd /var/opt/fds/CDR/archive/
[tasuser@meytvvmsdp01 archi
ve]$ 
[tasuser@meytvvmsdp01 archive]$ grep -l 971520002069 *20190528-152* |tac |head - 1 > /home/tasuser/sdpfile.txt
[tasuser@meytvvmsdp01 archive]$ 
[tasuser@meytvvmsdp01 archive]$ exit
logout

Disconnected channel and session
Connecting SSH to 10.95.214.22 - Please wait for few seconds... 
Successfully Connected to the Host 10.95.214.22 !!!
# This service is restricted to authorized users only.                         #
# All activities on this system are logged. Unauthorized access will be fully  #
# investigated and action would be taken appropriately.                        #
#                                                                              #
# LOG OFF IMMEDIATELY IF YOU ARE NOT AN AUTHORIZED USER                        #
################################################################################
#!/bin/bash

cd /home/tasuser

zgrep -l 971520002069 *190528-152* |tac|head -1 > /home/tasuser/Auto/occfile_22.txt

exit

[tasuser@meytvvmocc01 ~]$ #!/bin/bash
[tasuser@meytvvmocc01 ~]$ 
[tasuser@meytvvmocc01 ~]$ cd /home/tasuser
[tasuser@meytvvmocc01 ~]$ 
[tasuser@meytvvmocc01 ~]$ zgrep -l 971520002069 *190528-152* |tac|head -1 > /hom e/tasuser/Auto/occfile_22.txt
[tasuser@meytvvmocc01 ~]$ 
[tasuser@meytvvmocc01 ~]$ exit
logout

Disconnected channel and session
Connecting SSH to 10.95.214.21 - Please wait for few seconds... 
Successfully Connected to the Host 10.95.214.21 !!!
# All activities on this system are logged. Unauthorized access will be fully  #
# investigated and action would be taken appropriately.                        #
#                                                                              #
# LOG OFF IMMEDIATELY IF YOU ARE NOT AN AUTHORIZED USER                        #
################################################################################
#!/bin/bash

cd /home/tasuser

zgrep -l 971520002069 *190528-152* |tac|head -1 > /home/tasuser/Auto/occfile_21.txt

exit

[tasuser@meydvvmocc02 ~]$ #!/bin/bash
[tasuser@meydvvmocc02 ~]$ 
[tasuser@meydvvmocc02 ~]$ cd /home/tasuser
[tasuser@meydvvmocc02 ~]$ 
[tasuser@meydvvmocc02 ~]$ zgrep -l 971520002069 *190528-152* |tac|head -1 > /hom e/tasuser/Auto/occfile_21.txt
[tasuser@meydvvmocc02 ~]$ 
[tasuser@meydvvmocc02 ~]$ exit
logout

Disconnected channel and session
Connecting SSH to 10.95.214.72 - Please wait for few seconds... 
Successfully Connected to the Host 10.95.214.72 !!!
#!/bin/bash

cd /data/fdp/logs/defaultCircle

sudo more meydvvmcis03_EDR_CISOnline1.csv > /home/VenuReddyGaddam/EDRfile190528-153.csv

exit

[VenuReddyGaddam@meydvvmcis03 ~]$ #!/bin/bash
[VenuReddyGaddam@meydvvmcis03 ~]$ 
[VenuReddyGaddam@meydvvmcis03 ~]$ cd /data/fdp/logs/defaultCircle
[VenuReddyGaddam@meydvvmcis03 defaultCircle]$ 
[VenuReddyGaddam@meydvvmcis03 defaultCircle]$ sudo more meydvvmcis03_EDR_CISOnli ne1.csv > /home/VenuReddyGaddam/EDRfile190528-153.csv
[VenuReddyGaddam@meydvvmcis03 defaultCircle]$ 
[VenuReddyGaddam@meydvvmcis03 defaultCircle]$ exit
logout

Disconnected channel and session
Connecting SSH to 10.95.214.6 - Please wait for few seconds... 
Successfully Connected to the Host 10.95.214.6 !!!
################################################################################
#!/bin/bash

cd /var/opt/fds/CDR/archive/

grep -l 971520002069 *20190528-153* |tac |head -1 > /home/tasuser/sdpfile.txt

exit

[tasuser@meytvvmsdp01 ~]$ #!/bin/bash
[tasuser@meytvvmsdp01 ~]$ 
[tasuser@meytvvmsdp01 ~]$ cd /var/opt/fds/CDR/archive/
[tasuser@meytvvmsdp01 archive]$ 
[tasuser@meytvvmsdp01 archive]$ grep -l 971520002069 *20190528-153* |tac |head - 1 > /home/tasuser/sdpfile.txt
[tasuser@meytvvmsdp01 archive]$ 
[tasuser@meytvvmsdp01 archive]$ exit
logout

Disconnected channel and session
Connecting SSH to 10.95.214.22 - Please wait for few seconds... 
Successfully Connected to the Host 10.95.214.22 !!!
Last login: Tue May 28 15:32:58 2019 from 10.160.130.18
################################################################################
# Warning! You have entered into a secured area!                               #
# Your IP, Login Time, Username has been noted for auditing purposes.          #
# This service is restricted to authorized users only.                         #
# All activities on this system are logged. Unauthorized access will be fully  #
# investigated and action would be taken appropriately.                        #
#                                                                              #
# LOG OFF IMMEDIATELY IF YOU ARE NOT AN AUTHORIZED USER                        #
################################################################################
#!/bin/bash

cd /home/tasuser

zgrep -l 971520002069 *190528-153* |tac|head -1 > /home/tasuser/Auto/occfile_22.txt

exit

[tasuser@meytvvmocc01 ~]$ #!/bin/bash
[tasuser@meytvvmocc01 ~]$ 
[tasuser@meytvvmocc01 ~]$ cd /h
ome/tasuser
[tasuser@meytvvmocc01 ~]$ 
[tasuser@meytvvmocc01 ~]$ zgrep -l 971520002069 *190528-153* |tac|head -1 > /hom e/tasuser/Auto/occfile_22.txt
[tasuser@meytvvmocc01 ~]$ 
[tasuser@meytvvmocc01 ~]$ exit
logout

Disconnected channel and session
Connecting SSH to 10.95.214.21 - Please wait for few seconds... 
Successfully Connected to the Host 10.95.214.21 !!!

#!/bin/bash

cd /home/tasuser

zgrep -l 971520002069 *190528-153* |tac|head -1 > /home/tasuser/Auto/occfile_21.txt

exit

[tasuser@meydvvmocc02 ~]$ #!/bin/bash
[tasuser@meydvvmocc02 ~]$ 
[tasuser@meydvvmocc02 ~]$ cd /home/tasuser
[tasuser@meydvvmocc02 ~]$ 
[tasuser@meydvvmocc02 ~]$ zgrep -l 971520002069 *190528-153* |tac|head -1 > /hom e/tasuser/Auto/occfile_21.txt
[tasuser@meydvvmocc02 ~]$ 
[tasuser@meydvvmocc02 ~]$ exit
logout

Disconnected channel and session
Connecting SSH to 10.95.214.72 - Please wait for few seconds... 
Successfully Connected to the Host 10.95.214.72 !!!
Last login: Tue May 28 15:37:16 2019 from 10.160.130.18
#!/bin/bash

cd /data/fdp/logs/defaultCircle

sudo more meydvvmcis03_EDR_CISOnline1.csv > /home/VenuReddyGaddam/EDRfile190528-154.csv

exit

[VenuReddyGaddam@meydvvmcis03 ~]$ #!/bin/bash
[VenuReddyGaddam@meydvvmcis03 ~]$ 
[VenuReddyGaddam@meydvvmcis03 ~]$ cd /data/fdp/logs/defaultCircle
[VenuReddyGaddam@meydvvmcis03 defaultCircle]$ 
[VenuReddyGaddam@meydvvmcis03 defaultCircle]$ sudo more meydvvmcis03_EDR_CISOnli ne1.csv > /home/VenuReddyGaddam/EDRfile190528-154.csv
[VenuReddyGaddam@meydvvmcis03 defaultCircle]$ 
[VenuReddyGaddam@meydvvmcis03 defaultCircle]$ exit
logout

Disconnected channel and session
Connecting SSH to 10.95.214.6 - Please wait for few seconds... 
Successfully Connected to the Host 10.95.214.6 !!!
#!/bin/bash

cd /var/opt/fds/CDR/archive/

grep -l 971520002069 *20190528-154* |tac |head -1 > /home/tasuser/sdpfile.txt

exit

[tasuser@meytvvmsdp01 ~]$ #!/bin/bash
[tasuser@meytvvmsdp01 ~]$ 
[tasuser@meytvvmsdp01 ~]$ cd /var/opt/fds/CDR/archive/
[tasuser@meytvvmsdp01 archive]$ 
[tasuser@meytvvmsdp01 archive]$ grep -l 971520002069 *20190528-154* |tac |head - 1 > /home/tasuser/sdpfile.txt
[tasuser@meytvvmsdp01 archive]$ 
[tasuser@meytvvmsdp01 archive]$ exit
logout

Disconnected channel and session
Connecting SSH to 10.95.214.22 - Please wait for few seconds... 
Successfully Connected to the Host 10.95.214.22 !!!
# Your IP, Login Time, Username has been noted for auditing purposes.          #
# This service is restricted to authorized users only.                         #
# All activities on this system are logged. Unauthorized access will be fully  #
# investigated and action would be taken appropriately.                        #
#                                                                              #
# LOG OFF IMMEDIATELY IF YOU ARE NOT AN AUTHORIZED USER                        #
################################################################################
#!/bin/bash

cd /home/tasuser

zgrep -l 971520002069 *190528-154* |tac|head -1 > /home/tasuser/Auto/occfile_22.txt

exit

[tasuser@meytvvmocc01 ~]$ #!/bin/bash
[tasuser@meytvvmocc01 ~]$ 
[tasuser@meytvvmocc01 ~]$ cd /home/tasuser
[tasuser@meytvvmocc01 ~]$ 
[tasuser@meytvvmocc01 ~]$ zgrep -l 971520002069 *190528-154* |tac|head -1 > /hom e/tasuser/Auto/occfile_22.txt
[tasuser@meytvvmocc01 ~]$ 
[tasuser@meytvvmocc01 ~]$ exit
logout

Disconnected channel and session
Connecting SSH to 10.95.214.21 - Please wait for few seconds... 
Successfully Connected to the Host 10.95.214.21 !!!
################################################################################
#!/bin/bash

cd /home/tasuser

zgrep -l 971520002069 *190528-154* |tac|head -1 > /home/tasuser/Auto/occfile_21.txt

exit

[tasuser@meydvvmocc02 ~]$ #!/bin/bash
[tasuser@meydvvmocc02 ~]$ 
[tasuser@meydvvmocc02 ~]$ cd /home/tasuser
[tasuser@meydvvmocc02 ~]$ 
[tasuser@meydvvmocc02 ~]$ zgrep -l 971520002069 *190528-154* |tac|head -1 > /hom e/tasuser/Auto/occfile_21.txt
[tasuser@meydvvmocc02 ~]$ 
[tasuser@meydvvmocc02 ~]$ exit
logout

Disconnected channel and session
Connecting SSH to 10.95.214.72 - Please wait for few seconds... 
Successfully Connected to the Host 10.95.214.72 !!!
#!/bin/bash

cd /data/fdp/logs/defaultCircle

sudo more meydvvmcis03_EDR_CISOnline1.csv > /home/VenuReddyGaddam/EDRfile190528-161.csv

exit

[VenuReddyGaddam@meydvvmcis03 ~]$ #!/bin/bash
[VenuReddyGaddam@meydvvmcis03 ~]$ 
[VenuReddyGaddam@meydvvmcis03 ~]$ cd /data/fdp/logs/defaultCircle
[VenuReddyGaddam@meydvvmcis03 defaultCircle]$ 
[VenuReddyGaddam@meydvvmcis03 defaultCircle]$ sudo more meydvvmcis03_EDR_CISOnli ne1.csv > /home/VenuReddyGaddam/EDRfile190528-161.csv
[VenuReddyGaddam@meydvvmcis03 defaultCircle]$ 
[VenuReddyGaddam@meydvvmcis03 defaultCircle]$ exit
logout

Disconnected channel and session
Connecting SSH to 10.95.214.6 - Please wait for few seconds... 
Successfully Connected to the Host 10.95.214.6 !!!
#!/bin/bash

cd /var/opt/fds/CDR/archive/

grep -l 971520002069 *20190528-161* |tac |head -1 > /home/tasuser/sdpfile.txt

exit

[tasuser@meytvvmsdp01 ~]$ #!/bin/bash
[tasuser@meytvvmsdp01 ~]$ 
[tasuser@meytvvmsdp01 ~]$ cd /var/opt/fds/CDR/archive/
[tasuser@meytvvmsdp01 archive]$ 
[tasuser@meytvvmsdp01 archive]$ grep -l 971520002069 *20190528-161* |tac |head - 1 > /home/tasuser/sdpfile.txt
[tasuser@meytvvmsdp01 archive]$ 
[tasuser@meytvvmsdp01 archive]$ exit
logout

Disconnected channel and session
Connecting SSH to 10.95.214.22 - Please wait for few seconds... 
Successfully Connected to the Host 10.95.214.22 !!!
################################################################################
#!/bin/bash

cd /home/tasuser

zgrep -l 971520002069 *190528-161* |tac|head -1 > /home/tasuser/Auto/occfile_22.txt

exit

[tasuser@meytvvmocc01 ~]$ #!/bin/bash
[tasuser@meytvvmocc01 ~]$ 
[tasuser@meytvvmocc01 ~]$ cd /home/tasuser
[tasuser@meytvvmocc01 ~]$ 
[tasuser@meytvvmocc01 ~]$ zgrep -l 971520002069 *190528-161* |tac|head -1 > /hom e/tasuser/Auto/occfile_22.txt
[tasuser@meytvvmocc01 ~]$ 
[tasuser@meytvvmocc01 ~]$ exit
logout

Disconnected channel and session
Connecting SSH to 10.95.214.21 - Please wait for few seconds... 
Successfully Connected to the Host 10.95.214.21 !!!
Last login: Tue May 28 15:51:51 2019 from 10.160.130.18
################################################################################
# Warning! You have entered into a secured area!                               #
# Your IP, Login Time, Username has been noted for auditing purposes.          #
# This service is restricted to authorized users only.                         #
# All activities on this system are logged. Unauthorized access will be fully  #
# investigated and action would be taken appropriately.                        #
#                                                                              #
# LOG OFF IMMEDIATELY IF YOU ARE NOT AN AUTHORIZED USER                        #
################################################################################
#!/bin/bash

cd /home/tasuser

zgrep -l 971520002069 *190528-161* |tac|head -1 > /home/tasuser/Auto/occfile_21.txt

exit

[tasuser@meydvvmocc02 ~]$ #!/bin/bash
[tasuser@meydvvmocc02 ~]$ 
[tasuser@meydvvmocc02 ~]$ cd /h
ome/tasuser
[tasuser@meydvvmocc02 ~]$ 
[tasuser@meydvvmocc02 ~]$ zgrep -l 971520002069 *190528-161* |tac|head -1 > /hom e/tasuser/Auto/occfile_21.txt
[tasuser@meydvvmocc02 ~]$ 
[tasuser@meydvvmocc02 ~]$ exit
logout

Disconnected channel and session
Connecting SSH to 10.95.214.72 - Please wait for few seconds... 
Successfully Connected to the Host 10.95.214.72 !!!
Last login: Tue May 28 16:11:45 2019 from 10.160.130.18
#!/bin/bash

cd /data/fdp/logs/defaultCircle

sudo more meydvvmcis03_EDR_CISOnline1.csv > /home/VenuReddyGaddam/EDRfile190528-163.csv

exit

[VenuReddyGaddam@meydvvmcis03 ~]$ #!/bin/bash
[VenuReddyGaddam@meydvvmcis03 ~]$ 
[VenuReddyGaddam@meydvvmcis03 ~]$ cd /data/fdp/logs/defaultCircle
[VenuReddyGaddam@meydvvmcis03 defaultCircle]$ 
[VenuReddyGaddam@meydvvmcis03 defaultCircle]$ sudo more meydvvmcis03_EDR_CISOnli ne1.csv > /home/VenuReddyGaddam/EDRfile190528-163.csv
[VenuReddyGaddam@meydvvmcis03 defaultCircle]$ 
[VenuReddyGaddam@meydvvmcis03 defaultCircle]$ exit
logout

Disconnected channel and session
Connecting SSH to 10.95.214.6 - Please wait for few seconds... 
Successfully Connected to the Host 10.95.214.6 !!!
################################################################################
# Warning! You have entered into a secured area!                               #
# Your IP, Login Time, Username have been noted for auditing purposes.         #
# This service is restricted to authorized users only.                         #
# All activities on this system are logged. Unauthorized access will be fully  #
# investigated and action would be taken appropriately.                        #
#                                                                              #
# LOG OFF IMMEDIATELY IF YOU ARE NOT AN AUTHORIZED USER                        #
################################################################################
#!/bin/bash

cd /var/opt/fds/CDR/archive/

grep -l 971520002069 *20190528-163* |tac |head -1 > /home/tasuser/sdpfile.txt

exit

[tasuser@meytvvmsdp01 ~]$ #!/bin/bash
[tasuser@meytvvmsdp01 ~]$ 
[tasuser@meytvvmsdp01 ~]$ cd /var/opt/fds/CDR/archive/
[tasuser@meytvvmsdp01 archi
ve]$ 
[tasuser@meytvvmsdp01 archive]$ grep -l 971520002069 *20190528-163* |tac |head - 1 > /home/tasuser/sdpfile.txt
[tasuser@meytvvmsdp01 archive]$ 
[tasuser@meytvvmsdp01 archive]$ exit
logout

Disconnected channel and session
Connecting SSH to 10.95.214.22 - Please wait for few seconds... 
Successfully Connected to the Host 10.95.214.22 !!!
#!/bin/bash

cd /home/tasuser

zgrep -l 971520002069 *190528-163* |tac|head -1 > /home/tasuser/Auto/occfile_22.txt

exit

[tasuser@meytvvmocc01 ~]$ #!/bin/bash
[tasuser@meytvvmocc01 ~]$ 
[tasuser@meytvvmocc01 ~]$ cd /home/tasuser
[tasuser@meytvvmocc01 ~]$ 
[tasuser@meytvvmocc01 ~]$ zgrep -l 971520002069 *190528-163* |tac|head -1 > /hom e/tasuser/Auto/occfile_22.txt
[tasuser@meytvvmocc01 ~]$ 
[tasuser@meytvvmocc01 ~]$ exit
logout

Disconnected channel and session
Connecting SSH to 10.95.214.21 - Please wait for few seconds... 
Successfully Connected to the Host 10.95.214.21 !!!

#!/bin/bash

cd /home/tasuser

zgrep -l 971520002069 *190528-163* |tac|head -1 > /home/tasuser/Auto/occfile_21.txt

exit

[tasuser@meydvvmocc02 ~]$ #!/bin/bash
[tasuser@meydvvmocc02 ~]$ 
[tasuser@meydvvmocc02 ~]$ cd /home/tasuser
[tasuser@meydvvmocc02 ~]$ 
[tasuser@meydvvmocc02 ~]$ zgrep -l 971520002069 *190528-163* |tac|head -1 > /hom e/tasuser/Auto/occfile_21.txt
[tasuser@meydvvmocc02 ~]$ 
[tasuser@meydvvmocc02 ~]$ exit
logout

Disconnected channel and session
Connecting SSH to 10.95.214.72 - Please wait for few seconds... 
Successfully Connected to the Host 10.95.214.72 !!!
Last login: Tue May 28 16:37:27 2019 from 10.160.130.18
#!/bin/bash

cd /data/fdp/logs/defaultCircle

sudo more meydvvmcis03_EDR_CISOnline1.csv > /home/VenuReddyGaddam/EDRfile.csv

exit

[VenuReddyGaddam@meydvvmcis03 ~]$ #!/bin/bash
[VenuReddyGaddam@meydvvmcis03 ~]$ 
[VenuReddyGaddam@meydvvmcis03 ~]$ cd /data/fdp/logs/defaultCircle
[VenuReddyGaddam@meydvvmcis03 defaultCircle]$ 
[VenuReddyGaddam@meydvvmcis03 defaultCircle]$ sudo more meydvvmcis03_EDR_CISOnli ne1.csv > /home/VenuReddyGaddam/EDRfile.csv
[VenuReddyGaddam@meydvvmcis03 defaultCircle]$ 
[VenuReddyGaddam@meydvvmcis03 defaultCircle]$ exit
logout

Disconnected channel and session
Connecting SSH to 10.95.214.6 - Please wait for few seconds... 
Successfully Connected to the Host 10.95.214.6 !!!
# Your IP, Login Time, Username have been noted for auditing purposes.         #
# This service is restricted to authorized users only.                         #
# All activities on this system are logged. Unauthorized access will be fully  #
# investigated and action would be taken appropriately.                        #
#                                                                              #
# LOG OFF IMMEDIATELY IF YOU ARE NOT AN AUTHORIZED USER                        #
################################################################################
#!/bin/bash

cd /var/opt/fds/CDR/archive/

grep -l 971520002069 *20190529-104* |tac |head -1 > /home/tasuser/sdpfile.txt

exit

[tasuser@meytvvmsdp01 ~]$ #!/bin/bash
[tasuser@meytvvmsdp01 ~]$ 
[tasuser@meytvvmsdp01 ~]$ cd /var/opt/fds/CDR/archive/
[tasuser@meytvvmsdp01 archive]$ 
[tasuser@meytvvmsdp01 archive]$ grep -l 971520002069 *20190529-104* |tac |head - 1 > /home/tasuser/sdpfile.txt
grep: *20190529-104*: No such file or direct
ory
[tasuser@meytvvmsdp01 archive]$ 
[tasuser@meytvvmsdp01 archive]$ exit
logout

Disconnected channel and session
Connecting SSH to 10.95.214.22 - Please wait for few seconds... 
Successfully Connected to the Host 10.95.214.22 !!!
# investigated and action would be taken appropriately.                        #
#                                                                              #
# LOG OFF IMMEDIATELY IF YOU ARE NOT AN AUTHORIZED USER                        #
################################################################################
#!/bin/bash

cd /home/tasuser

zgrep -l 971520002069 *190529-104* |tac|head -1 > /home/tasuser/Auto/occfile_22.txt

exit

[tasuser@meytvvmocc01 ~]$ #!/bin/bash
[tasuser@meytvvmocc01 ~]$ 
[tasuser@meytvvmocc01 ~]$ cd /home/tasuser
[tasuser@meytvvmocc01 ~]$ 
[tasuser@meytvvmocc01 ~]$ zgrep -l 971520002069 *190529-104* |tac|head -1 > /hom e/tasuser/Auto/occfile_22.txt
[tasuser@meytvvmocc01 ~]$ 
[tasuser@meytvvmocc01 ~]$ exit
logout

Disconnected channel and session
Connecting SSH to 10.95.214.21 - Please wait for few seconds... 
Successfully Connected to the Host 10.95.214.21 !!!

#!/bin/bash

cd /home/tasuser

zgrep -l 971520002069 *190529-104* |tac|head -1 > /home/tasuser/Auto/occfile_21.txt

exit

[tasuser@meydvvmocc02 ~]$ #!/bin/bash
[tasuser@meydvvmocc02 ~]$ 
[tasuser@meydvvmocc02 ~]$ cd /home/tasuser
[tasuser@meydvvmocc02 ~]$ 
[tasuser@meydvvmocc02 ~]$ zgrep -l 971520002069 *190529-104* |tac|head -1 > /hom e/tasuser/Auto/occfile_21.txt
gzip: *190529-104*.gz: No such file or directory
[tasuser@meydvvmocc02 ~]$ 
[tasuser@meydvvmocc02 ~]$ exit
logout

Disconnected channel and session
Connecting SSH to 10.95.214.72 - Please wait for few seconds... 
Successfully Connected to the Host 10.95.214.72 !!!
Last login: Wed May 29 10:40:38 2019 from 10.160.130.18
#!/bin/bash

cd /data/fdp/logs/defaultCircle

sudo more meydvvmcis03_EDR_CISOnline1.csv > /home/VenuReddyGaddam/EDRfile.csv

exit

[VenuReddyGaddam@meydvvmcis03 ~]$ #!/bin/bash
[VenuReddyGaddam@meydvvmcis03 ~]$ 
[VenuReddyGaddam@meydvvmcis03 ~]$ cd /data/fdp/logs/defaultCircle
[VenuReddyGaddam@meydvvmcis03 defaultCircle]$ 
[VenuReddyGaddam@meydvvmcis03 defaultCircle]$ sudo more meydvvmcis03_EDR_CISOnli ne1.csv > /home/VenuReddyGaddam/EDRfile.csv
[VenuReddyGaddam@meydvvmcis03 defaultCircle]$ 
[VenuReddyGaddam@meydvvmcis03 defaultCircle]$ exit
logout

Disconnected channel and session
Connecting SSH to 10.95.214.6 - Please wait for few seconds... 
Successfully Connected to the Host 10.95.214.6 !!!
# Your IP, Login Time, Username have been noted for auditing purposes.         #
# This service is restricted to authorized users only.                         #
# All activities on this system are logged. Unauthorized access will be fully  #
# investigated and action would be taken appropriately.                        #
#                                                                              #
# LOG OFF IMMEDIATELY IF YOU ARE NOT AN AUTHORIZED USER                        #
################################################################################
#!/bin/bash

cd /var/opt/fds/CDR/archive/

grep -l 971520002069 *20190529-132* |tac |head -1 > /home/tasuser/sdpfile.txt

exit

[tasuser@meytvvmsdp01 ~]$ #!/bin/bash
[tasuser@meytvvmsdp01 ~]$ 
[tasuser@meytvvmsdp01 ~]$ cd /var/opt/fds/CDR/archive/
[tasuser@meytvvmsdp01 archive]$ 
[tasuser@meytvvmsdp01 archive]$ grep -l 971520002069 *20190529-132* |tac |head - 1 > /home/tasuser/sdpfile.txt
[tasuser@meytvvmsdp01 archive]$ 
[tasuser@m
eytvvmsdp01 archive]$ exit
logout

Disconnected channel and session
Connecting SSH to 10.95.214.22 - Please wait for few seconds... 
Successfully Connected to the Host 10.95.214.22 !!!
Last login: Wed May 29 13:19:30 2019 from 10.44.74.17
################################################################################
# Warning! You have entered into a secured area!                               #
# Your IP, Login Time, Username has been noted for auditing purposes.          #
# This service is restricted to authorized users only.                         #
# All activities on this system are logged. Unauthorized access will be fully  #
# investigated and action would be taken appropriately.                        #
#                                                                              #
# LOG OFF IMMEDIATELY IF YOU ARE NOT AN AUTHORIZED USER                        #
################################################################################
#!/bin/bash

cd /home/tasuser

zgrep -l 971520002069 *190529-132* |tac|head -1 > /home/tasuser/Auto/occfile_22.txt

exit

[tasuser@meytvvmocc01 ~]$ #!/bin/bash
[tasuser@meytvvmocc01 ~]$ 
[tasuser@meytvvmocc01 ~]$ cd /hom
e/tasuser
[tasuser@meytvvmocc01 ~]$ 
[tasuser@meytvvmocc01 ~]$ zgrep -l 971520002069 *190529-132* |tac|head -1 > /hom e/tasuser/Auto/occfile_22.txt
[tasuser@meytvvmocc01 ~]$ 
[tasuser@meytvvmocc01 ~]$ exit
logout

Disconnected channel and session
Connecting SSH to 10.95.214.21 - Please wait for few seconds... 
Successfully Connected to the Host 10.95.214.21 !!!
################################################################################
#!/bin/bash

cd /home/tasuser

zgrep -l 971520002069 *190529-132* |tac|head -1 > /home/tasuser/Auto/occfile_21.txt

exit

[tasuser@meydvvmocc02 ~]$ #!/bin/bash
[tasuser@meydvvmocc02 ~]$ 
[tasuser@meydvvmocc02 ~]$ cd /home/tasuser
[tasuser@meydvvmocc02 ~]$ 
[tasuser@meydvvmocc02 ~]$ zgrep -l 971520002069 *190529-132* |tac|head -1 > /hom e/tasuser/Auto/occfile_21.txt
[tasuser@meydvvmocc02 ~]$ 
[tasuser@meydvvmocc02 ~]$ exit
logout

Disconnected channel and session
Connecting SSH to 10.95.213.132 - Please wait for few seconds... 
Successfully Connected to the Host 10.95.213.132 !!!
#!/bin/bash

cd /cluster/storage/no-backup/ccn/CcnStorage0/CCNCDR44/archive/

grep -l 971520002069 *20190530074* |tac|head -1 > /cluster/home/system-oam/tasuser/Auto/CCN_0file.txt

exit

tasuser@SC-1:~> #!/bin/bash
tasuser@SC-1:~> 
tasuser@SC-1:~> cd /cluster/storage/no-backup/ccn/CcnStorage0/CCNCDR44/archive/
tasuser@SC-1:/cluster/storage/no-backup/ccn/CcnStorage0/CCNCDR44/archive> 
tasuser@SC-1:/cluster/storage/no-backup/ccn/CcnStorage0/CCNCDR44/archive> grep - l 971520002069 *20190530074* |tac|head -1 > /cluster/home/system-oam/tasuser/Aut o/CCN_0file.txt
tasuser@SC-1:/cluster/storage/no-backup/ccn/CcnStorage0/CCNCDR44/archive> 
tasuser@SC-1:/cluster/storage/no-backup/ccn/CcnStorage0/CCNCDR44/archive> exit
logout

Disconnected channel and session
Connecting SSH to 10.95.213.132 - Please wait for few seconds... 
Successfully Connected to the Host 10.95.213.132 !!!
#!/bin/bash

cd /cluster/storage/no-backup/ccn/CcnStorage1/CCNCDR44/archive/

grep -l 971520002069 *20190530074* |tac|head -1 > /cluster/home/system-oam/tasuser/Auto/CCN_1file.txt

exit

tasuser@SC-1:~> #!/bin/bash
tasuser@SC-1:~> 
tasuser@SC-1:~> cd /cluster/storage/no-backup/ccn/CcnStorage1/CCNCDR44/archive/
tasuser@SC-1:/cluster/storage/no-backup/ccn/CcnStorage1/CCNCDR44/archive> 
tasuser@SC-1:/cluster/storage/no-backup/ccn/CcnStorage1/CCNCDR44/archive> grep - l 971520002069 *20190530074* |tac|head -1 > /cluster/home/system-oam/tasuser/Aut o/CCN_1file.txt
grep: *20190530074*: No such file or directory
tasuser@SC-1:/cluster/storage/no-backup/ccn/CcnStorage1/CCNCDR44/archive> 
tasuser@SC-1:/cluster/storage/no-backup/ccn/CcnStorage1/CCNCDR44/archive> exit
logout

Disconnected channel and session
Connecting SSH to 10.95.213.132 - Please wait for few seconds... 
Successfully Connected to the Host 10.95.213.132 !!!
#!/bin/bash

cd /cluster/storage/no-backup/ccn/CcnStorage0/CCNCDR44/archive/

grep -l 971520002069 *20190530074* |tac|head -1 > /cluster/home/system-oam/tasuser/Auto/CCN_0file.txt

exit

tasuser@SC-1:~> #!/bin/bash
tasuser@SC-1:~> 
tasuser@SC-1:~> cd /cluster/storage/no-backup/ccn/CcnStorage0/CCNCDR44/archive/
tasuser@SC-1:/cluster/storage/no-backup/ccn/CcnStorage0/CCNCDR44/archive> 
tasuser@SC-1:/cluster/storage/no-backup/ccn/CcnStorage0/CCNCDR44/archive> grep - l 971520002069 *20190530074* |tac|head -1 > /cluster/home/system-oam/tasuser/Aut o/CCN_0file.txt
tasuser@SC-1:/cluster/storage/no-backup/ccn/CcnStorage0/CCNCDR44/archive> 
tasuser@SC-1:/cluster/storage/no-backup/ccn/CcnStorage0/CCNCDR44/archive> exit
logout

Disconnected channel and session
Connecting SSH to 10.95.213.132 - Please wait for few seconds... 
Successfully Connected to the Host 10.95.213.132 !!!
#!/bin/bash

cd /cluster/storage/no-backup/ccn/CcnStorage1/CCNCDR44/archive/

grep -l 971520002069 *20190530074* |tac|head -1 > /cluster/home/system-oam/tasuser/Auto/CCN_1file.txt

exit

tasuser@SC-1:~> #!/bin/bash
tasuser@SC-1:~> 
tasuser@SC-1:~> cd /cluster/storage/no-backup/ccn/CcnStorage1/CCNCDR44/archive/
tasuser@SC-1:/cluster/storage/no-backup/ccn/CcnStorage1/CCNCDR44/archive> 
tasuser@SC-1:/cluster/storage/no-backup/ccn/CcnStorage1/CCNCDR44/archive> grep - l 971520002069 *20190530074* |tac|head -1 > /cluster/home/system-oam/tasuser/Aut o/CCN_1file.txt
tasuser@SC-1:/cluster/storage/no-backup/ccn/CcnStorage1/CCNCDR44/archive> 
tasuser@SC-1:/cluster/storage/no-backup/ccn/CcnStorage1/CCNCDR44/archive> exit
logout

Disconnected channel and session
Connecting SSH to 10.95.214.22 - Please wait for few seconds... 
Successfully Connected to the Host 10.95.214.22 !!!
# All activities on this system are logged. Unauthorized access will be fully  #
# investigated and action would be taken appropriately.                        #
#                                                                              #
# LOG OFF IMMEDIATELY IF YOU ARE NOT AN AUTHORIZED USER                        #
################################################################################
#!/bin/bash

cd /home/tasuser

zgrep -l 971520002069 *190530-115* |tac|head -1 > /home/tasuser/Auto/occfile_22.txt

exit

[tasuser@meytvvmocc01 ~]$ #!/bin/bash
[tasuser@meytvvmocc01 ~]$ 
[tasuser@meytvvmocc01 ~]$ cd /home/tasuser
[tasuser@meytvvmocc01 ~]$ 
[tasuser@meytvvmocc01 ~]$ zgrep -l 971520002069 *190530-115* |tac|head -1 > /hom e/tasuser/Auto/occfile_22.txt
[tasuser@meytvvmocc01 ~]$ 
[tasuser@meytvvmocc01 ~]$ exit
logout

Disconnected channel and session
Connecting SSH to 10.95.214.21 - Please wait for few seconds... 
Successfully Connected to the Host 10.95.214.21 !!!
# investigated and action would be taken appropriately.                        #
#                                                                              #
# LOG OFF IMMEDIATELY IF YOU ARE NOT AN AUTHORIZED USER                        #
################################################################################
#!/bin/bash

cd /home/tasuser

zgrep -l 971520002069 *190530-115* |tac|head -1 > /home/tasuser/Auto/occfile_21.txt

exit

[tasuser@meydvvmocc02 ~]$ #!/bin/bash
[tasuser@meydvvmocc02 ~]$ 
[tasuser@meydvvmocc02 ~]$ cd /home/tasuser
[tasuser@meydvvmocc02 ~]$ 
[tasuser@meydvvmocc02 ~]$ zgrep -l 971520002069 *190530-115* |tac|head -1 > /hom e/tasuser/Auto/occfile_21.txt
[tasuser@meydvvmocc02 ~]$ 
[tasuser@meydvvmocc02 ~]$ exit
logout

Disconnected channel and session
Connecting SSH to 10.95.214.22 - Please wait for few seconds... 
Successfully Connected to the Host 10.95.214.22 !!!
#!/bin/bash

cd /home/tasuser

zgrep -l 971520002069 *190530-115* |tac|head -1 > /home/tasuser/Auto/occfile_22.txt

exit

[tasuser@meytvvmocc01 ~]$ #!/bin/bash
[tasuser@meytvvmocc01 ~]$ 
[tasuser@meytvvmocc01 ~]$ cd /home/tasuser
[tasuser@meytvvmocc01 ~]$ 
[tasuser@meytvvmocc01 ~]$ zgrep -l 971520002069 *190530-115* |tac|head -1 > /hom e/tasuser/Auto/occfile_22.txt
[tasuser@meytvvmocc01 ~]$ 
[tasuser@meytvvmocc01 ~]$ exit
logout

Disconnected channel and session
Connecting SSH to 10.95.214.21 - Please wait for few seconds... 
Successfully Connected to the Host 10.95.214.21 !!!
#!/bin/bash

cd /home/tasuser

zgrep -l 971520002069 *190530-115* |tac|head -1 > /home/tasuser/Auto/occfile_21.txt

exit

[tasuser@meydvvmocc02 ~]$ #!/bin/bash
[tasuser@meydvvmocc02 ~]$ 
[tasuser@meydvvmocc02 ~]$ cd /home/tasuser
[tasuser@meydvvmocc02 ~]$ 
[tasuser@meydvvmocc02 ~]$ zgrep -l 971520002069 *190530-115* |tac|head -1 > /hom e/tasuser/Auto/occfile_21.txt
[tasuser@meydvvmocc02 ~]$ 
[tasuser@meydvvmocc02 ~]$ exit
logout

Disconnected channel and session
Connecting SSH to 10.95.214.22 - Please wait for few seconds... 
Successfully Connected to the Host 10.95.214.22 !!!
#!/bin/bash

cd /home/tasuser

zgrep -l 971520002069 *190530-115* |tac|head -1 > /home/tasuser/Auto/occfile_22.txt

exit

[tasuser@meytvvmocc01 ~]$ #!/bin/bash
[tasuser@meytvvmocc01 ~]$ 
[tasuser@meytvvmocc01 ~]$ cd /home/tasuser
[tasuser@meytvvmocc01 ~]$ 
[tasuser@meytvvmocc01 ~]$ zgrep -l 971520002069 *190530-115* |tac|head -1 > /hom e/tasuser/Auto/occfile_22.txt
[tasuser@meytvvmocc01 ~]$ 
[tasuser@meytvvmocc01 ~]$ exit
logout

Disconnected channel and session
Connecting SSH to 10.95.214.21 - Please wait for few seconds... 
Successfully Connected to the Host 10.95.214.21 !!!
################################################################################
# Warning! You have entered into a secured area!                               #
# Your IP, Login Time, Username has been noted for auditing purposes.          #
# This service is restricted to authorized users only.                         #
# All activities on this system are logged. Unauthorized access will be fully  #
# investigated and action would be taken appropriately.                        #
#                                                                              #
# LOG OFF IMMEDIATELY IF YOU ARE NOT AN AUTHORIZED USER                        #
################################################################################
#!/bin/bash

cd /home/tasuser

zgrep -l 971520002069 *190530-115* |tac|head -1 > /home/tasuser/Auto/occfile_21.txt

exit

[tasuser@meydvvmocc02 ~]$ #!/bin/bash
[tasuser@meydvvmocc02 ~]$ 
[tasuser@meydvvmocc02 ~]$ cd /home/tasuser
[tasuser@meydvvmocc02 ~]$ 
[tasuser@meydvvmo
cc02 ~]$ zgrep -l 971520002069 *190530-115* |tac|head -1 > /hom e/tasuser/Auto/occfile_21.txt
[tasuser@meydvvmocc02 ~]$ 
[tasuser@meydvvmocc02 ~]$ exit
logout

Disconnected channel and session
Connecting SSH to 10.95.214.22 - Please wait for few seconds... 
Successfully Connected to the Host 10.95.214.22 !!!
#!/bin/bash

cd /home/tasuser

zgrep -l 971520001714 *190530-115* |tac|head -1 > /home/tasuser/Auto/occfile_22.txt

exit

[tasuser@meytvvmocc01 ~]$ #!/bin/bash
[tasuser@meytvvmocc01 ~]$ 
[tasuser@meytvvmocc01 ~]$ cd /home/tasuser
[tasuser@meytvvmocc01 ~]$ 
[tasuser@meytvvmocc01 ~]$ zgrep -l 971520001714 *190530-115* |tac|head -1 > /hom e/tasuser/Auto/occfile_22.txt
[tasuser@meytvvmocc01 ~]$ 
[tasuser@meytvvmocc01 ~]$ exit
logout

Disconnected channel and session
Connecting SSH to 10.95.214.21 - Please wait for few seconds... 
Successfully Connected to the Host 10.95.214.21 !!!
#                                                                              #
# LOG OFF IMMEDIATELY IF YOU ARE NOT AN AUTHORIZED USER                        #
################################################################################
#!/bin/bash

cd /home/tasuser

zgrep -l 971520001714 *190530-115* |tac|head -1 > /home/tasuser/Auto/occfile_21.txt

exit

[tasuser@meydvvmocc02 ~]$ #!/bin/bash
[tasuser@meydvvmocc02 ~]$ 
[tasuser@meydvvmocc02 ~]$ cd /home/tasuser
[tasuser@meydvvmocc02 ~]$ 
[tasuser@meydvvmocc02 ~]$ zgrep -l 971520001714 *190530-115* |tac|head -1 > /hom e/tasuser/Auto/occfile_21.txt
[tasuser@meydvvmocc02 ~]$ 
[tasuser@meydvvmocc02 ~]$ exit
logout

Disconnected channel and session
Connecting SSH to 10.95.213.132 - Please wait for few seconds... 
Successfully Connected to the Host 10.95.213.132 !!!
#!/bin/bash

cd /cluster/storage/no-backup/ccn/CcnStorage0/CCNCDR44/archive/

grep -l 971520001714 *20190530080* |tac|head -1 > /cluster/home/system-oam/tasuser/Auto/CCN_0file.txt

exit

tasuser@SC-1:~> #!/bin/bash
tasuser@SC-1:~> 
tasuser@SC-1:~> cd /cluster/storage/no-backup/ccn/CcnStorage0/CCNCDR44/archive/
tasuser@SC-1:/cluster/storage/no-backup/ccn/CcnStorage0/CCNCDR44/archive> 
tasuser@SC-1:/cluster/storage/no-backup/ccn/CcnStorage0/CCNCDR44/archive> grep - l 971520001714 *20190530080* |tac|head -1 > /cluster/home/system-oam/tasuser/Aut o/CCN_0file.txt
tasuser@SC-1:/cluster/storage/no-backup/ccn/CcnStorage0/CCNCDR44/archive> 
tasuser@SC-1:/cluster/storage/no-backup/ccn/CcnStorage0/CCNCDR44/archive> exit
logout

Disconnected channel and session
Connecting SSH to 10.95.213.132 - Please wait for few seconds... 
Successfully Connected to the Host 10.95.213.132 !!!
#!/bin/bash

cd /cluster/storage/no-backup/ccn/CcnStorage1/CCNCDR44/archive/

grep -l 971520001714 *20190530080* |tac|head -1 > /cluster/home/system-oam/tasuser/Auto/CCN_1file.txt

exit

tasuser@SC-1:~> #!/bin/bash
tasuser@SC-1:~> 
tasuser@SC-1:~> cd /cluster/storage/no-backup/ccn/CcnStorage1/CCNCDR44/archive/
tasuser@SC-1:/cluster/storage/no-backup/ccn/CcnStorage1/CCNCDR44/archive> 
tasuser@SC-1:/cluster/storage/no-backup/ccn/CcnStorage1/CCNCDR44/archive> grep - l 971520001714 *20190530080* |tac|head -1 > /cluster/home/system-oam/tasuser/Aut o/CCN_1file.txt
grep: *20190530080*: No such file or directory
tasuser@SC-1:/cluster/storage/no-backup/ccn/CcnStorage1/CCNCDR44/archive> 
tasuser@SC-1:/cluster/storage/no-backup/ccn/CcnStorage1/CCNCDR44/archive> exit
logout

Disconnected channel and session
Connecting SSH to 10.95.214.72 - Please wait for few seconds... 
Successfully Connected to the Host 10.95.214.72 !!!
#!/bin/bash

cd /data/fdp/logs/defaultCircle

sudo more meydvvmcis03_EDR_CISOnline1.csv > /home/VenuReddyGaddam/EDRfile.csv

exit

[VenuReddyGaddam@meydvvmcis03 ~]$ #!/bin/bash
[VenuReddyGaddam@meydvvmcis03 ~]$ 
[VenuReddyGaddam@meydvvmcis03 ~]$ cd /data/fdp/logs/defaultCircle
[VenuReddyGaddam@meydvvmcis03 defaultCircle]$ 
[VenuReddyGaddam@meydvvmcis03 defaultCircle]$ sudo more meydvvmcis03_EDR_CISOnli ne1.csv > /home/VenuReddyGaddam/EDRfile.csv
[VenuReddyGaddam@meydvvmcis03 defaultCircle]$ 
[VenuReddyGaddam@meydvvmcis03 defaultCircle]$ exit
logout

Disconnected channel and session
Connecting SSH to 10.95.214.6 - Please wait for few seconds... 
Successfully Connected to the Host 10.95.214.6 !!!
#!/bin/bash

cd /var/opt/fds/CDR/archive/

grep -l 971520001714 *20190530-134* |tac |head -1 > /home/tasuser/sdpfile.txt

exit

[tasuser@meytvvmsdp01 ~]$ #!/bin/bash
[tasuser@meytvvmsdp01 ~]$ 
[tasuser@meytvvmsdp01 ~]$ cd /var/opt/fds/CDR/archive/
[tasuser@meytvvmsdp01 archive]$ 
[tasuser@meytvvmsdp01 archive]$ grep -l 971520001714 *20190530-134* |tac |head - 1 > /home/tasuser/sdpfile.txt
[tasuser@meytvvmsdp01 archive]$ 
[tasuser@meytvvmsdp01 archive]$ exit
logout

Disconnected channel and session
Connecting SSH to 10.95.214.22 - Please wait for few seconds... 
Successfully Connected to the Host 10.95.214.22 !!!

# All activities on this system are logged. Unauthorized access will be fully  #
# investigated and action would be taken appropriately.                        #
#                                                                              #
# LOG OFF IMMEDIATELY IF YOU ARE NOT AN AUTHORIZED USER                        #
################################################################################
#!/bin/bash

cd /home/tasuser

zgrep -l 971520001714 *190530-134* |tac|head -1 > /home/tasuser/Auto/occfile_22.txt

exit

[tasuser@meytvvmocc01 ~]$ #!/bin/bash
[tasuser@meytvvmocc01 ~]$ 
[tasuser@meytvvmocc01 ~]$ cd /home/tasuser
[tasuser@meytvvmocc01 ~]$ 
[tasuser@meytvvmocc01 ~]$ zgrep -l 971520001714 *190530-134* |tac|head -1 > /hom e/tasuser/Auto/occfile_22.txt
gzip: *190530-134*.gz: No such file or directory
[tasuser@meytvvmocc01 ~]$ 
[tasuser@meytvvmocc01 ~]$ exit
logout

Disconnected channel and session
Connecting SSH to 10.95.214.21 - Please wait for few seconds... 
Successfully Connected to the Host 10.95.214.21 !!!
#!/bin/bash

cd /home/tasuser

zgrep -l 971520001714 *190530-134* |tac|head -1 > /home/tasuser/Auto/occfile_21.txt

exit

[tasuser@meydvvmocc02 ~]$ #!/bin/bash
[tasuser@meydvvmocc02 ~]$ 
[tasuser@meydvvmocc02 ~]$ cd /home/tasuser
[tasuser@meydvvmocc02 ~]$ 
[tasuser@meydvvmocc02 ~]$ zgrep -l 971520001714 *190530-134* |tac|head -1 > /hom e/tasuser/Auto/occfile_21.txt
[tasuser@meydvvmocc02 ~]$ 
[tasuser@meydvvmocc02 ~]$ exit
logout

Disconnected channel and session
Connecting SSH to 10.95.213.132 - Please wait for few seconds... 
Successfully Connected to the Host 10.95.213.132 !!!
#!/bin/bash

cd /cluster/storage/no-backup/ccn/CcnStorage0/CCNCDR44/archive/

grep -l 971520001714 *20190530094* |tac|head -1 > /cluster/home/system-oam/tasuser/Auto/CCN_0file.txt

exit

tasuser@SC-1:~> #!/bin/bash
tasuser@SC-1:~> 
tasuser@SC-1:~> cd /cluster/storage/no-backup/ccn/CcnStorage0/CCNCDR44/archive/
tasuser@SC-1:/cluster/storage/no-backup/ccn/CcnStorage0/CCNCDR44/archive> 
tasuser@SC-1:/cluster/storage/no-backup/ccn/CcnStorage0/CCNCDR44/archive> grep - l 971520001714 *20190530094* |tac|head -1 > /cluster/home/system-oam/tasuser/Aut o/CCN_0file.txt
grep: *20190530094*: No such file or directory
tasuser@SC-1:/cluster/storage/no-backup/ccn/CcnStorage0/CCNCDR44/archive> 
tasuser@SC-1:/cluster/storage/no-backup/ccn/CcnStorage0/CCNCDR44/archive> exit
logout

Disconnected channel and session
Connecting SSH to 10.95.213.132 - Please wait for few seconds... 
Successfully Connected to the Host 10.95.213.132 !!!
#!/bin/bash

cd /cluster/storage/no-backup/ccn/CcnStorage1/CCNCDR44/archive/

grep -l 971520001714 *20190530094* |tac|head -1 > /cluster/home/system-oam/tasuser/Auto/CCN_1file.txt

exit

tasuser@SC-1:~> #!/bin/bash
tasuser@SC-1:~> 
tasuser@SC-1:~> cd /cluster/storage/no-backup/ccn/CcnStorage1/CCNCDR44/archive/
tasuser@SC-1:/cluster/storage/no-backup/ccn/CcnStorage1/CCNCDR44/archive> 
tasuser@SC-1:/cluster/storage/no-backup/ccn/CcnStorage1/CCNCDR44/archive> grep - l 971520001714 *20190530094* |tac|head -1 > /cluster/home/system-oam/tasuser/Aut o/CCN_1file.txt
grep: *20190530094*: No such file or directory
tasuser@SC-1:/cluster/storage/no-backup/ccn/CcnStorage1/CCNCDR44/archive> 
tasuser@SC-1:/cluster/storage/no-backup/ccn/CcnStorage1/CCNCDR44/archive> exit
logout

Disconnected channel and session
Connecting SSH to 10.95.214.166 - Please wait for few seconds... 
Successfully Connected to the Host 10.95.214.166 !!!
#!/bin/bash

cd /var/opt/air/datarecords/backup_CDR/

grep -l 971520001714 *190530-134* |tac |head -1 > /home/tasuser/Auto/Airfile.txt

exit

[tasuser@meytvvmair01 ~]$ #!/bin/bash
[tasuser@meytvvmair01 ~]$ 
[tasuser@meytvvmair01 ~]$ cd /var/opt/air/datarecords/backup_CDR/
[tasuser@meytvvmair01 backup_CDR]$ 
[tasuser@meytvvmair01 backup_CDR]$ grep -l 971520001714 *190530-134* |tac |head  -1 > /home/tasuser/Auto/Airfile.txt
grep: *190530-134*: No such file or directory
[tasuser@meytvvmair01 backup_CDR]$ 
[tasuser@meytvvmair01 backup_CDR]$ exit
logout

Disconnected channel and session
Connecting SSH to 10.95.214.72 - Please wait for few seconds... 
Successfully Connected to the Host 10.95.214.72 !!!
Last login: Thu May 30 13:41:14 2019 from 10.160.130.18
#!/bin/bash

cd /data/fdp/logs/defaultCircle

sudo more meydvvmcis03_EDR_CISOnline1.csv > /home/VenuReddyGaddam/EDRfile.csv

exit

[VenuReddyGaddam@meydvvmcis03 ~]$ #!/bin/bash
[VenuReddyGaddam@meydvvmcis03 ~]$ 
[VenuReddyGaddam@meydvvmcis03 ~]$ cd /data/fdp/logs/defaultCircle
[VenuReddyGaddam@meydvvmcis03 defaultCircle]$ 
[VenuReddyGaddam@meydvvmcis03 defaultCircle]$ sudo more meydvvmcis03_EDR_CISOnli ne1.csv > /home/VenuReddyGaddam/EDRfile.csv
[VenuReddyGaddam@meydvvmcis03 defaultCircle]$ 
[VenuReddyGaddam@meydvvmcis03 defaultCircle]$ exit
logout

Disconnected channel and session
Connecting SSH to 10.95.214.6 - Please wait for few seconds... 
Successfully Connected to the Host 10.95.214.6 !!!
#!/bin/bash

cd /var/opt/fds/CDR/archive/

grep -l 971520001714 *20190530-140* |tac |head -1 > /home/tasuser/sdpfile.txt

exit

[tasuser@meytvvmsdp01 ~]$ #!/bin/bash
[tasuser@meytvvmsdp01 ~]$ 
[tasuser@meytvvmsdp01 ~]$ cd /var/opt/fds/CDR/archive/
[tasuser@meytvvmsdp01 archive]$ 
[tasuser@meytvvmsdp01 archive]$ grep -l 971520001714 *20190530-140* |tac |head - 1 > /home/tasuser/sdpfile.txt
[tasuser@meytvvmsdp01 archive]$ 
[tasuser@meytvvmsdp01 archive]$ exit
logout

Disconnected channel and session
Connecting SSH to 10.95.214.22 - Please wait for few seconds... 
Successfully Connected to the Host 10.95.214.22 !!!
Last login: Thu May 30 13:54:00 2019 from 10.160.130.18
################################################################################
# Warning! You have entered into a secured area!                               #
# Your IP, Login Time, Username has been noted for auditing purposes.          #
# This service is restricted to authorized users only.                         #
# All activities on this system are logged. Unauthorized access will be fully  #
# investigated and action would be taken appropriately.                        #
#                                                                              #
# LOG OFF IMMEDIATELY IF YOU ARE NOT AN AUTHORIZED USER                        #
################################################################################
#!/bin/bash

cd /home/tasuser

zgrep -l 971520001714 *190530-140* |tac|head -1 > /home/tasuser/Auto/occfile_22.txt

exit

[tasuser@meytvvmocc01 ~]$ #!/bin/bash
[tasuser@meytvvmocc01 ~]$ 
[tasuser@meytvvmocc01 ~]$ cd /h
ome/tasuser
[tasuser@meytvvmocc01 ~]$ 
[tasuser@meytvvmocc01 ~]$ zgrep -l 971520001714 *190530-140* |tac|head -1 > /hom e/tasuser/Auto/occfile_22.txt
gzip: *190530-140*.gz: No such file or directory
[tasuser@meytvvmocc01 ~]$ 
[tasuser@meytvvmocc01 ~]$ exit
logout

Disconnected channel and session
Connecting SSH to 10.95.214.21 - Please wait for few seconds... 
Successfully Connected to the Host 10.95.214.21 !!!
# This service is restricted to authorized users only.                         #
# All activities on this system are logged. Unauthorized access will be fully  #
# investigated and action would be taken appropriately.                        #
#                                                                              #
# LOG OFF IMMEDIATELY IF YOU ARE NOT AN AUTHORIZED USER                        #
################################################################################
#!/bin/bash

cd /home/tasuser

zgrep -l 971520001714 *190530-140* |tac|head -1 > /home/tasuser/Auto/occfile_21.txt

exit

[tasuser@meydvvmocc02 ~]$ #!/bin/bash
[tasuser@meydvvmocc02 ~]$ 
[tasuser@meydvvmocc02 ~]$ cd /home/tasuser
[tasuser@meydvvmocc02 ~]$ 
[tasuser@meydvvmocc02 ~]$ zgrep -l 971520001714 *190530-140* |tac|head -1 > /hom e/tasuser/Auto/occfile_21.txt
[tasuser@meydvvmocc02 ~]$ 
[tasuser@meydvvmocc02 ~]$ exit
logout

Disconnected channel and session
Connecting SSH to 10.95.213.132 - Please wait for few seconds... 
Successfully Connected to the Host 10.95.213.132 !!!
#!/bin/bash

cd /cluster/storage/no-backup/ccn/CcnStorage0/CCNCDR44/archive/

grep -l 971520001714 *20190530100* |tac|head -1 > /cluster/home/system-oam/tasuser/Auto/CCN_0file.txt

exit

tasuser@SC-1:~> #!/bin/bash
tasuser@SC-1:~> 
tasuser@SC-1:~> cd /cluster/storage/no-backup/ccn/CcnStorage0/CCNCDR44/archive/
tasuser@SC-1:/cluster/storage/no-backup/ccn/CcnStorage0/CCNCDR44/archive> 
tasuser@SC-1:/cluster/storage/no-backup/ccn/CcnStorage0/CCNCDR44/archive> grep - l 971520001714 *20190530100* |tac|head -1 > /cluster/home/system-oam/tasuser/Aut o/CCN_0file.txt
grep: *20190530100*: No such file or directory
tasuser@SC-1:/cluster/storage/no-backup/ccn/CcnStorage0/CCNCDR44/archive> 
tasuser@SC-1:/cluster/storage/no-backup/ccn/CcnStorage0/CCNCDR44/archive> exit
logout

Disconnected channel and session
Connecting SSH to 10.95.213.132 - Please wait for few seconds... 
Successfully Connected to the Host 10.95.213.132 !!!
#!/bin/bash

cd /cluster/storage/no-backup/ccn/CcnStorage1/CCNCDR44/archive/

grep -l 971520001714 *20190530100* |tac|head -1 > /cluster/home/system-oam/tasuser/Auto/CCN_1file.txt

exit

tasuser@SC-1:~> #!/bin/bash
tasuser@SC-1:~> 
tasuser@SC-1:~> cd /cluster/storage/no-backup/ccn/CcnStorage1/CCNCDR44/archive/
tasuser@SC-1:/cluster/storage/no-backup/ccn/CcnStorage1/CCNCDR44/archive> 
tasuser@SC-1:/cluster/storage/no-backup/ccn/CcnStorage1/CCNCDR44/archive> grep - l 971520001714 *20190530100* |tac|head -1 > /cluster/home/system-oam/tasuser/Aut o/CCN_1file.txt
grep: *20190530100*: No such file or directory
tasuser@SC-1:/cluster/storage/no-backup/ccn/CcnStorage1/CCNCDR44/archive> 
tasuser@SC-1:/cluster/storage/no-backup/ccn/CcnStorage1/CCNCDR44/archive> exit
logout

Disconnected channel and session
Connecting SSH to 10.95.214.166 - Please wait for few seconds... 
Successfully Connected to the Host 10.95.214.166 !!!
Last login: Thu May 30 13:47:02 2019 from 10.160.130.18
################################################################################
# This system is for authorized users only.Du monitors and records activity    #
# in order to preserve their security, integrity and availability.             #
# Please comply with Du policies always.                                       #
# Using keyboard-interactive authentication.                                   #
# LOG OFF IMMEDIATELY IF YOU ARE NOT AN AUTHORIZED USER                        #
################################################################################
#!/bin/bash

cd /var/opt/air/datarecords/backup_CDR/

grep -l 971520001714 *190530-140* |tac |head -1 > /home/tasuser/Auto/Airfile.txt

exit

[tasuser@meytvvmair01 ~]$ #!/bin/bash
[tasuser@meytvvmair01 ~]$ 
[tasuser@meytvvmair01 ~]$ cd /var/opt/air/datarecords/backup_CDR/
[tasuser@meytvvmair01 backup_CDR]$ 
[tasuser@meytvvmair01 backup_CDR]$ grep -l 971520001714 *190530-140* |t
ac |head  -1 > /home/tasuser/Auto/Airfile.txt
grep: *190530-140*: No such file or directory
[tasuser@meytvvmair01 backup_CDR]$ 
[tasuser@meytvvmair01 backup_CDR]$ exit
logout

Disconnected channel and session
Connecting SSH to 10.95.214.72 - Please wait for few seconds... 
Successfully Connected to the Host 10.95.214.72 !!!
Last login: Thu May 30 14:01:35 2019 from 10.160.130.18
#!/bin/bash

cd /data/fdp/logs/defaultCircle

sudo more meydvvmcis03_EDR_CISOnline1.csv > /home/VenuReddyGaddam/EDRfile.csv

exit

[VenuReddyGaddam@meydvvmcis03 ~]$ #!/bin/bash
[VenuReddyGaddam@meydvvmcis03 ~]$ 
[VenuReddyGaddam@meydvvmcis03 ~]$ cd /data/fdp/logs/defaultCircle
[VenuReddyGaddam@meydvvmcis03 defaultCircle]$ 
[VenuReddyGaddam@meydvvmcis03 defaultCircle]$ sudo more meydvvmcis03_EDR_CISOnli ne1.csv > /home/VenuReddyGaddam/EDRfile.csv
[VenuReddyGaddam@meydvvmcis03 defaultCircle]$ 
[VenuReddyGaddam@meydvvmcis03 defaultCircle]$ exit
logout

Disconnected channel and session
Connecting SSH to 10.95.214.6 - Please wait for few seconds... 
Successfully Connected to the Host 10.95.214.6 !!!
#!/bin/bash

cd /var/opt/fds/CDR/archive/

grep -l 971520001714 *20190530-14* |tac |head -1 > /home/tasuser/sdpfile.txt

exit

[tasuser@meytvvmsdp01 ~]$ #!/bin/bash
[tasuser@meytvvmsdp01 ~]$ 
[tasuser@meytvvmsdp01 ~]$ cd /var/opt/fds/CDR/archive/
[tasuser@meytvvmsdp01 archive]$ 
[tasuser@meytvvmsdp01 archive]$ grep -l 971520001714 *20190530-14* |tac |head -1  > /home/tasuser/sdpfile.txt
[tasuser@meytvvmsdp01 archive]$ 
[tasuser@meytvvmsdp01 archive]$ exit
logout

Disconnected channel and session
Connecting SSH to 10.95.214.22 - Please wait for few seconds... 
Successfully Connected to the Host 10.95.214.22 !!!
#!/bin/bash

cd /home/tasuser

zgrep -l 971520001714 *190530-14* |tac|head -1 > /home/tasuser/Auto/occfile_22.txt

exit

[tasuser@meytvvmocc01 ~]$ #!/bin/bash
[tasuser@meytvvmocc01 ~]$ 
[tasuser@meytvvmocc01 ~]$ cd /home/tasuser
[tasuser@meytvvmocc01 ~]$ 
[tasuser@meytvvmocc01 ~]$ zgrep -l 971520001714 *190530-14* |tac|head -1 > /home /tasuser/Auto/occfile_22.txt
[tasuser@meytvvmocc01 ~]$ 
[tasuser@meytvvmocc01 ~]$ exit
logout

Disconnected channel and session
Connecting SSH to 10.95.214.21 - Please wait for few seconds... 
Successfully Connected to the Host 10.95.214.21 !!!
# Your IP, Login Time, Username has been noted for auditing purposes.          #
# This service is restricted to authorized users only.                         #
# All activities on this system are logged. Unauthorized access will be fully  #
# investigated and action would be taken appropriately.                        #
#                                                                              #
# LOG OFF IMMEDIATELY IF YOU ARE NOT AN AUTHORIZED USER                        #
################################################################################
#!/bin/bash

cd /home/tasuser

zgrep -l 971520001714 *190530-14* |tac|head -1 > /home/tasuser/Auto/occfile_21.txt

exit

[tasuser@meydvvmocc02 ~]$ #!/bin/bash
[tasuser@meydvvmocc02 ~]$ 
[tasuser@meydvvmocc02 ~]$ cd /home/tasuser
[tasuser@meydvvmocc02 ~]$ 
[tasuser@meydvvmocc02 ~]$ zgrep -l 971520001714 *190530-14* |tac|head -1 > /home /tasuser/Auto/occfile_21.txt
[tasuser@meydvvmocc02 ~]$ 
[tasuser@meydvvmocc02 ~]$ exit
logout

Disconnected channel and session
Connecting SSH to 10.95.213.132 - Please wait for few seconds... 
Successfully Connected to the Host 10.95.213.132 !!!
#!/bin/bash

cd /cluster/storage/no-backup/ccn/CcnStorage0/CCNCDR44/archive/

grep -l 971520001714 *20190530101* |tac|head -1 > /cluster/home/system-oam/tasuser/Auto/CCN_0file.txt

exit

tasuser@SC-1:~> #!/bin/bash
tasuser@SC-1:~> 
tasuser@SC-1:~> cd /cluster/storage/no-backup/ccn/CcnStorage0/CCNCDR44/archive/
tasuser@SC-1:/cluster/storage/no-backup/ccn/CcnStorage0/CCNCDR44/archive> 
tasuser@SC-1:/cluster/storage/no-backup/ccn/CcnStorage0/CCNCDR44/archive> grep - l 971520001714 *20190530101* |tac|head -1 > /cluster/home/system-oam/tasuser/Aut o/CCN_0file.txt
tasuser@SC-1:/cluster/storage/no-backup/ccn/CcnStorage0/CCNCDR44/archive> 
tasuser@SC-1:/cluster/storage/no-backup/ccn/CcnStorage0/CCNCDR44/archive> exit
logout

Disconnected channel and session
Connecting SSH to 10.95.213.132 - Please wait for few seconds... 
Successfully Connected to the Host 10.95.213.132 !!!
#!/bin/bash

cd /cluster/storage/no-backup/ccn/CcnStorage1/CCNCDR44/archive/

grep -l 971520001714 *20190530101* |tac|head -1 > /cluster/home/system-oam/tasuser/Auto/CCN_1file.txt

exit

tasuser@SC-1:~> #!/bin/bash
tasuser@SC-1:~> 
tasuser@SC-1:~> cd /cluster/storage/no-backup/ccn/CcnStorage1/CCNCDR44/archive/
tasuser@SC-1:/cluster/storage/no-backup/ccn/CcnStorage1/CCNCDR44/archive> 
tasuser@SC-1:/cluster/storage/no-backup/ccn/CcnStorage1/CCNCDR44/archive> grep - l 971520001714 *20190530101* |tac|head -1 > /cluster/home/system-oam/tasuser/Aut o/CCN_1file.txt
grep: *20190530101*: No such file or directory
tasuser@SC-1:/cluster/storage/no-backup/ccn/CcnStorage1/CCNCDR44/archive> 
tasuser@SC-1:/cluster/storage/no-backup/ccn/CcnStorage1/CCNCDR44/archive> exit
logout

Disconnected channel and session
Connecting SSH to 10.95.214.166 - Please wait for few seconds... 
Successfully Connected to the Host 10.95.214.166 !!!
#!/bin/bash

cd /var/opt/air/datarecords/backup_CDR/

grep -l 971520001714 *190530-14* |tac |head -1 > /home/tasuser/Auto/Airfile.txt

exit

[tasuser@meytvvmair01 ~]$ #!/bin/bash
[tasuser@meytvvmair01 ~]$ 
[tasuser@meytvvmair01 ~]$ cd /var/opt/air/datarecords/backup_CDR/
[tasuser@meytvvmair01 backup_CDR]$ 
[tasuser@meytvvmair01 backup_CDR]$ grep -l 971520001714 *190530-14* |tac |head - 1 > /home/tasuser/Auto/Airfile.txt
[tasuser@meytvvmair01 backup_CDR]$ 
[tasuser@meytvvmair01 backup_CDR]$ exit
logout

Disconnected channel and session
Connecting SSH to 10.95.214.22 - Please wait for few seconds... 
Successfully Connected to the Host 10.95.214.22 !!!
#!/bin/bash

cd /home/tasuser

zgrep -l 971520001714 *190602-17* |tac|head -1 > /home/tasuser/Auto/occfile_22.txt

exit

[tasuser@meytvvmocc01 ~]$ #!/bin/bash
[tasuser@meytvvmocc01 ~]$ 
[tasuser@meytvvmocc01 ~]$ cd /home/tasuser
[tasuser@meytvvmocc01 ~]$ 
[tasuser@meytvvmocc01 ~]$ zgrep -l 971520001714 *190602-17* |tac|head -1 > /home /tasuser/Auto/occfile_22.txt
[tasuser@meytvvmocc01 ~]$ 
[tasuser@meytvvmocc01 ~]$ exit
logout

Disconnected channel and session
Connecting SSH to 10.95.214.21 - Please wait for few seconds... 
Successfully Connected to the Host 10.95.214.21 !!!
#!/bin/bash

cd /home/tasuser

zgrep -l 971520001714 *190602-17* |tac|head -1 > /home/tasuser/Auto/occfile_21.txt

exit

[tasuser@meydvvmocc02 ~]$ #!/bin/bash
[tasuser@meydvvmocc02 ~]$ 
[tasuser@meydvvmocc02 ~]$ cd /home/tasuser
[tasuser@meydvvmocc02 ~]$ 
[tasuser@meydvvmocc02 ~]$ zgrep -l 971520001714 *190602-17* |tac|head -1 > /home /tasuser/Auto/occfile_21.txt
[tasuser@meydvvmocc02 ~]$ 
[tasuser@meydvvmocc02 ~]$ exit
logout

Disconnected channel and session
Connecting SSH to 10.95.214.22 - Please wait for few seconds... 
Successfully Connected to the Host 10.95.214.22 !!!

# LOG OFF IMMEDIATELY IF YOU ARE NOT AN AUTHORIZED USER                        #
################################################################################
#!/bin/bash

cd /home/tasuser

zgrep -l 971520001714 *190602-17* |tac|head -1 > /home/tasuser/Auto/occfile_22.txt

exit

[tasuser@meytvvmocc01 ~]$ #!/bin/bash
[tasuser@meytvvmocc01 ~]$ 
[tasuser@meytvvmocc01 ~]$ cd /home/tasuser
[tasuser@meytvvmocc01 ~]$ 
[tasuser@meytvvmocc01 ~]$ zgrep -l 971520001714 *190602-17* |tac|head -1 > /home /tasuser/Auto/occfile_22.txt
[tasuser@meytvvmocc01 ~]$ 
[tasuser@meytvvmocc01 ~]$ exit
logout

Disconnected channel and session
Connecting SSH to 10.95.214.21 - Please wait for few seconds... 
Successfully Connected to the Host 10.95.214.21 !!!
# All activities on this system are logged. Unauthorized access will be fully  #
# investigated and action would be taken appropriately.                        #
#                                                                              #
# LOG OFF IMMEDIATELY IF YOU ARE NOT AN AUTHORIZED USER                        #
################################################################################
#!/bin/bash

cd /home/tasuser

zgrep -l 971520001714 *190602-17* |tac|head -1 > /home/tasuser/Auto/occfile_21.txt

exit

[tasuser@meydvvmocc02 ~]$ #!/bin/bash
[tasuser@meydvvmocc02 ~]$ 
[tasuser@meydvvmocc02 ~]$ cd /home/tasuser
[tasuser@meydvvmocc02 ~]$ 
[tasuser@meydvvmocc02 ~]$ zgrep -l 971520001714 *190602-17* |tac|head -1 > /home /tasuser/Auto/occfile_21.txt
[tasuser@meydvvmocc02 ~]$ 
[tasuser@meydvvmocc02 ~]$ exit
logout

Disconnected channel and session
